 six_plus_six_AcmsteeringV09_main_2lflm_sfun

 Timestamp is 5fbb7f99 (Mon Nov 23 17:23:37 2020)

 Preferred load address is 0000000180000000

 Start         Length     Name                   Class
 0001:00000000 003912b4H .text                   CODE
 0001:003912c0 00000092H .text$x                 CODE
 0002:00000000 00000488H .idata$5                DATA
 0002:00000488 00000008H .CRT$XCA                DATA
 0002:00000490 00000008H .CRT$XCZ                DATA
 0002:00000498 00000008H .CRT$XIA                DATA
 0002:000004a0 00000008H .CRT$XIAA               DATA
 0002:000004a8 00000008H .CRT$XIZ                DATA
 0002:000004b0 00000b84H .rdata                  DATA
 0002:00001038 00000008H .rtc$IAA                DATA
 0002:00001040 00000008H .rtc$IZZ                DATA
 0002:00001048 00000008H .rtc$TAA                DATA
 0002:00001050 00000008H .rtc$TZZ                DATA
 0002:00001058 000090a4H .xdata                  DATA
 0002:0000a0fc 0000008cH .idata$2                DATA
 0002:0000a188 00000014H .idata$3                DATA
 0002:0000a1a0 00000488H .idata$4                DATA
 0002:0000a628 00000c66H .idata$6                DATA
 0002:0000b290 00000071H .edata                  DATA
 0003:00000000 000b6f48H .data                   DATA
 0003:000b6f50 00000bb8H .bss                    DATA
 0004:00000000 0000d1d0H .pdata                  DATA

  Address         Publics by Value              Rva+Base               Lib:Object

 0000:00000000       ___safe_se_handler_table   0000000000000000     <absolute>
 0000:00000000       ___safe_se_handler_count   0000000000000000     <absolute>
 0000:00000000       __ImageBase                0000000180000000     <linker-defined>
 0001:00000000       six_plus_six_AcmsteeringV09_main_2lflm_initializer 0000000180001000 f   six_plus_six_AcmsteeringV09_main_2lflm_sfun.obj
 0001:00000010       six_plus_six_AcmsteeringV09_main_2lflm_terminator 0000000180001010 f   six_plus_six_AcmsteeringV09_main_2lflm_sfun.obj
 0001:00000020       sf_six_plus_six_AcmsteeringV09_main_2lflm_method_dispatcher 0000000180001020 f   six_plus_six_AcmsteeringV09_main_2lflm_sfun.obj
 0001:00001060       sf_six_plus_six_AcmsteeringV09_main_2lflm_process_check_sum_call 0000000180002060 f   six_plus_six_AcmsteeringV09_main_2lflm_sfun.obj
 0001:00001dd0       sf_six_plus_six_AcmsteeringV09_main_2lflm_autoinheritance_info 0000000180002dd0 f   six_plus_six_AcmsteeringV09_main_2lflm_sfun.obj
 0001:000040f0       sf_six_plus_six_AcmsteeringV09_main_2lflm_get_eml_resolved_functions_info 00000001800050f0 f   six_plus_six_AcmsteeringV09_main_2lflm_sfun.obj
 0001:00005d30       sf_six_plus_six_AcmsteeringV09_main_2lflm_third_party_uses_info 0000000180006d30 f   six_plus_six_AcmsteeringV09_main_2lflm_sfun.obj
 0001:000073d0       sf_six_plus_six_AcmsteeringV09_main_2lflm_updateBuildInfo_args_info 00000001800083d0 f   six_plus_six_AcmsteeringV09_main_2lflm_sfun.obj
 0001:00008a70       six_plus_six_AcmsteeringV09_main_2lflm_debug_initialize 0000000180009a70 f   six_plus_six_AcmsteeringV09_main_2lflm_sfun.obj
 0001:00008af0       six_plus_six_AcmsteeringV09_main_2lflm_register_exported_symbols 0000000180009af0 f   six_plus_six_AcmsteeringV09_main_2lflm_sfun.obj
 0001:00008b00       load_six_plus_six_AcmsteeringV09_main_2lflm_optimization_info 0000000180009b00 f   six_plus_six_AcmsteeringV09_main_2lflm_sfun.obj
 0001:00008b50       unload_six_plus_six_AcmsteeringV09_main_2lflm_optimization_info 0000000180009b50 f   six_plus_six_AcmsteeringV09_main_2lflm_sfun.obj
 0001:00008b80       sf_c1_six_plus_six_AcmsteeringV09_main_2lflm_get_eml_resolved_functions_info 0000000180009b80 f   c1_six_plus_six_AcmsteeringV09_main_2lflm.obj
 0001:00008c00       sf_c1_six_plus_six_AcmsteeringV09_main_2lflm_get_check_sum 0000000180009c00 f   c1_six_plus_six_AcmsteeringV09_main_2lflm.obj
 0001:00008c80       sf_c1_six_plus_six_AcmsteeringV09_main_2lflm_get_autoinheritance_info 0000000180009c80 f   c1_six_plus_six_AcmsteeringV09_main_2lflm.obj
 0001:000090a0       sf_c1_six_plus_six_AcmsteeringV09_main_2lflm_third_party_uses_info 000000018000a0a0 f   c1_six_plus_six_AcmsteeringV09_main_2lflm.obj
 0001:000090d0       sf_c1_six_plus_six_AcmsteeringV09_main_2lflm_updateBuildInfo_args_info 000000018000a0d0 f   c1_six_plus_six_AcmsteeringV09_main_2lflm.obj
 0001:00009100       sf_internal_get_sim_state_c1_six_plus_six_AcmsteeringV09_main_2lflm 000000018000a100 f   c1_six_plus_six_AcmsteeringV09_main_2lflm.obj
 0001:00009460       sf_internal_set_sim_state_c1_six_plus_six_AcmsteeringV09_main_2lflm 000000018000a460 f   c1_six_plus_six_AcmsteeringV09_main_2lflm.obj
 0001:00009850       c1_six_plus_six_AcmsteeringV09_main_2lflm_method_dispatcher 000000018000a850 f   c1_six_plus_six_AcmsteeringV09_main_2lflm.obj
 0001:0000b5c0       sf_c2_six_plus_six_AcmsteeringV09_main_2lflm_get_eml_resolved_functions_info 000000018000c5c0 f   c2_six_plus_six_AcmsteeringV09_main_2lflm.obj
 0001:0000cf60       sf_c2_six_plus_six_AcmsteeringV09_main_2lflm_get_check_sum 000000018000df60 f   c2_six_plus_six_AcmsteeringV09_main_2lflm.obj
 0001:0000cfe0       sf_c2_six_plus_six_AcmsteeringV09_main_2lflm_get_autoinheritance_info 000000018000dfe0 f   c2_six_plus_six_AcmsteeringV09_main_2lflm.obj
 0001:0000da60       sf_c2_six_plus_six_AcmsteeringV09_main_2lflm_third_party_uses_info 000000018000ea60 f   c2_six_plus_six_AcmsteeringV09_main_2lflm.obj
 0001:0000da90       sf_c2_six_plus_six_AcmsteeringV09_main_2lflm_updateBuildInfo_args_info 000000018000ea90 f   c2_six_plus_six_AcmsteeringV09_main_2lflm.obj
 0001:0000dac0       sf_internal_get_sim_state_c2_six_plus_six_AcmsteeringV09_main_2lflm 000000018000eac0 f   c2_six_plus_six_AcmsteeringV09_main_2lflm.obj
 0001:0000de20       sf_internal_set_sim_state_c2_six_plus_six_AcmsteeringV09_main_2lflm 000000018000ee20 f   c2_six_plus_six_AcmsteeringV09_main_2lflm.obj
 0001:0000e210       c2_six_plus_six_AcmsteeringV09_main_2lflm_method_dispatcher 000000018000f210 f   c2_six_plus_six_AcmsteeringV09_main_2lflm.obj
 0001:00010be0       sf_c3_six_plus_six_AcmsteeringV09_main_2lflm_get_eml_resolved_functions_info 0000000180011be0 f   c3_six_plus_six_AcmsteeringV09_main_2lflm.obj
 0001:00010c60       sf_c3_six_plus_six_AcmsteeringV09_main_2lflm_get_check_sum 0000000180011c60 f   c3_six_plus_six_AcmsteeringV09_main_2lflm.obj
 0001:00010ce0       sf_c3_six_plus_six_AcmsteeringV09_main_2lflm_get_autoinheritance_info 0000000180011ce0 f   c3_six_plus_six_AcmsteeringV09_main_2lflm.obj
 0001:00011100       sf_c3_six_plus_six_AcmsteeringV09_main_2lflm_third_party_uses_info 0000000180012100 f   c3_six_plus_six_AcmsteeringV09_main_2lflm.obj
 0001:00011130       sf_c3_six_plus_six_AcmsteeringV09_main_2lflm_updateBuildInfo_args_info 0000000180012130 f   c3_six_plus_six_AcmsteeringV09_main_2lflm.obj
 0001:00011160       sf_internal_get_sim_state_c3_six_plus_six_AcmsteeringV09_main_2lflm 0000000180012160 f   c3_six_plus_six_AcmsteeringV09_main_2lflm.obj
 0001:000114c0       sf_internal_set_sim_state_c3_six_plus_six_AcmsteeringV09_main_2lflm 00000001800124c0 f   c3_six_plus_six_AcmsteeringV09_main_2lflm.obj
 0001:000118b0       c3_six_plus_six_AcmsteeringV09_main_2lflm_method_dispatcher 00000001800128b0 f   c3_six_plus_six_AcmsteeringV09_main_2lflm.obj
 0001:00013620       sf_c4_six_plus_six_AcmsteeringV09_main_2lflm_get_eml_resolved_functions_info 0000000180014620 f   c4_six_plus_six_AcmsteeringV09_main_2lflm.obj
 0001:00015230       sf_c4_six_plus_six_AcmsteeringV09_main_2lflm_get_check_sum 0000000180016230 f   c4_six_plus_six_AcmsteeringV09_main_2lflm.obj
 0001:000152b0       sf_c4_six_plus_six_AcmsteeringV09_main_2lflm_get_autoinheritance_info 00000001800162b0 f   c4_six_plus_six_AcmsteeringV09_main_2lflm.obj
 0001:00016240       sf_c4_six_plus_six_AcmsteeringV09_main_2lflm_third_party_uses_info 0000000180017240 f   c4_six_plus_six_AcmsteeringV09_main_2lflm.obj
 0001:00016270       sf_c4_six_plus_six_AcmsteeringV09_main_2lflm_updateBuildInfo_args_info 0000000180017270 f   c4_six_plus_six_AcmsteeringV09_main_2lflm.obj
 0001:000162a0       sf_internal_get_sim_state_c4_six_plus_six_AcmsteeringV09_main_2lflm 00000001800172a0 f   c4_six_plus_six_AcmsteeringV09_main_2lflm.obj
 0001:00016600       sf_internal_set_sim_state_c4_six_plus_six_AcmsteeringV09_main_2lflm 0000000180017600 f   c4_six_plus_six_AcmsteeringV09_main_2lflm.obj
 0001:000169f0       c4_six_plus_six_AcmsteeringV09_main_2lflm_method_dispatcher 00000001800179f0 f   c4_six_plus_six_AcmsteeringV09_main_2lflm.obj
 0001:0001a230       sf_c5_six_plus_six_AcmsteeringV09_main_2lflm_get_eml_resolved_functions_info 000000018001b230 f   c5_six_plus_six_AcmsteeringV09_main_2lflm.obj
 0001:0001de10       sf_c5_six_plus_six_AcmsteeringV09_main_2lflm_get_check_sum 000000018001ee10 f   c5_six_plus_six_AcmsteeringV09_main_2lflm.obj
 0001:0001de90       sf_c5_six_plus_six_AcmsteeringV09_main_2lflm_get_autoinheritance_info 000000018001ee90 f   c5_six_plus_six_AcmsteeringV09_main_2lflm.obj
 0001:0001e400       sf_c5_six_plus_six_AcmsteeringV09_main_2lflm_third_party_uses_info 000000018001f400 f   c5_six_plus_six_AcmsteeringV09_main_2lflm.obj
 0001:0001e430       sf_c5_six_plus_six_AcmsteeringV09_main_2lflm_updateBuildInfo_args_info 000000018001f430 f   c5_six_plus_six_AcmsteeringV09_main_2lflm.obj
 0001:0001e460       sf_internal_get_sim_state_c5_six_plus_six_AcmsteeringV09_main_2lflm 000000018001f460 f   c5_six_plus_six_AcmsteeringV09_main_2lflm.obj
 0001:0001e7d0       sf_internal_set_sim_state_c5_six_plus_six_AcmsteeringV09_main_2lflm 000000018001f7d0 f   c5_six_plus_six_AcmsteeringV09_main_2lflm.obj
 0001:0001ebc0       c5_six_plus_six_AcmsteeringV09_main_2lflm_method_dispatcher 000000018001fbc0 f   c5_six_plus_six_AcmsteeringV09_main_2lflm.obj
 0001:00020b10       sf_c6_six_plus_six_AcmsteeringV09_main_2lflm_get_eml_resolved_functions_info 0000000180021b10 f   c6_six_plus_six_AcmsteeringV09_main_2lflm.obj
 0001:00020b90       sf_c6_six_plus_six_AcmsteeringV09_main_2lflm_get_check_sum 0000000180021b90 f   c6_six_plus_six_AcmsteeringV09_main_2lflm.obj
 0001:00020c10       sf_c6_six_plus_six_AcmsteeringV09_main_2lflm_get_autoinheritance_info 0000000180021c10 f   c6_six_plus_six_AcmsteeringV09_main_2lflm.obj
 0001:00021030       sf_c6_six_plus_six_AcmsteeringV09_main_2lflm_third_party_uses_info 0000000180022030 f   c6_six_plus_six_AcmsteeringV09_main_2lflm.obj
 0001:00021060       sf_c6_six_plus_six_AcmsteeringV09_main_2lflm_updateBuildInfo_args_info 0000000180022060 f   c6_six_plus_six_AcmsteeringV09_main_2lflm.obj
 0001:00021090       sf_internal_get_sim_state_c6_six_plus_six_AcmsteeringV09_main_2lflm 0000000180022090 f   c6_six_plus_six_AcmsteeringV09_main_2lflm.obj
 0001:000213f0       sf_internal_set_sim_state_c6_six_plus_six_AcmsteeringV09_main_2lflm 00000001800223f0 f   c6_six_plus_six_AcmsteeringV09_main_2lflm.obj
 0001:000217e0       c6_six_plus_six_AcmsteeringV09_main_2lflm_method_dispatcher 00000001800227e0 f   c6_six_plus_six_AcmsteeringV09_main_2lflm.obj
 0001:00023370       sf_c7_six_plus_six_AcmsteeringV09_main_2lflm_get_eml_resolved_functions_info 0000000180024370 f   c7_six_plus_six_AcmsteeringV09_main_2lflm.obj
 0001:000233f0       sf_c7_six_plus_six_AcmsteeringV09_main_2lflm_get_check_sum 00000001800243f0 f   c7_six_plus_six_AcmsteeringV09_main_2lflm.obj
 0001:00023470       sf_c7_six_plus_six_AcmsteeringV09_main_2lflm_get_autoinheritance_info 0000000180024470 f   c7_six_plus_six_AcmsteeringV09_main_2lflm.obj
 0001:00023890       sf_c7_six_plus_six_AcmsteeringV09_main_2lflm_third_party_uses_info 0000000180024890 f   c7_six_plus_six_AcmsteeringV09_main_2lflm.obj
 0001:000238c0       sf_c7_six_plus_six_AcmsteeringV09_main_2lflm_updateBuildInfo_args_info 00000001800248c0 f   c7_six_plus_six_AcmsteeringV09_main_2lflm.obj
 0001:000238f0       sf_internal_get_sim_state_c7_six_plus_six_AcmsteeringV09_main_2lflm 00000001800248f0 f   c7_six_plus_six_AcmsteeringV09_main_2lflm.obj
 0001:00023c50       sf_internal_set_sim_state_c7_six_plus_six_AcmsteeringV09_main_2lflm 0000000180024c50 f   c7_six_plus_six_AcmsteeringV09_main_2lflm.obj
 0001:00024040       c7_six_plus_six_AcmsteeringV09_main_2lflm_method_dispatcher 0000000180025040 f   c7_six_plus_six_AcmsteeringV09_main_2lflm.obj
 0001:00025db0       sf_c8_six_plus_six_AcmsteeringV09_main_2lflm_get_eml_resolved_functions_info 0000000180026db0 f   c8_six_plus_six_AcmsteeringV09_main_2lflm.obj
 0001:000279c0       sf_c8_six_plus_six_AcmsteeringV09_main_2lflm_get_check_sum 00000001800289c0 f   c8_six_plus_six_AcmsteeringV09_main_2lflm.obj
 0001:00027a40       sf_c8_six_plus_six_AcmsteeringV09_main_2lflm_get_autoinheritance_info 0000000180028a40 f   c8_six_plus_six_AcmsteeringV09_main_2lflm.obj
 0001:000284c0       sf_c8_six_plus_six_AcmsteeringV09_main_2lflm_third_party_uses_info 00000001800294c0 f   c8_six_plus_six_AcmsteeringV09_main_2lflm.obj
 0001:000284f0       sf_c8_six_plus_six_AcmsteeringV09_main_2lflm_updateBuildInfo_args_info 00000001800294f0 f   c8_six_plus_six_AcmsteeringV09_main_2lflm.obj
 0001:00028520       sf_internal_get_sim_state_c8_six_plus_six_AcmsteeringV09_main_2lflm 0000000180029520 f   c8_six_plus_six_AcmsteeringV09_main_2lflm.obj
 0001:00028940       sf_internal_set_sim_state_c8_six_plus_six_AcmsteeringV09_main_2lflm 0000000180029940 f   c8_six_plus_six_AcmsteeringV09_main_2lflm.obj
 0001:00028d70       c8_six_plus_six_AcmsteeringV09_main_2lflm_method_dispatcher 0000000180029d70 f   c8_six_plus_six_AcmsteeringV09_main_2lflm.obj
 0001:0002bf30       sf_c9_six_plus_six_AcmsteeringV09_main_2lflm_get_eml_resolved_functions_info 000000018002cf30 f   c9_six_plus_six_AcmsteeringV09_main_2lflm.obj
 0001:0002f8a0       sf_c9_six_plus_six_AcmsteeringV09_main_2lflm_get_check_sum 00000001800308a0 f   c9_six_plus_six_AcmsteeringV09_main_2lflm.obj
 0001:0002f920       sf_c9_six_plus_six_AcmsteeringV09_main_2lflm_get_autoinheritance_info 0000000180030920 f   c9_six_plus_six_AcmsteeringV09_main_2lflm.obj
 0001:00031ab0       sf_c9_six_plus_six_AcmsteeringV09_main_2lflm_third_party_uses_info 0000000180032ab0 f   c9_six_plus_six_AcmsteeringV09_main_2lflm.obj
 0001:00031ae0       sf_c9_six_plus_six_AcmsteeringV09_main_2lflm_updateBuildInfo_args_info 0000000180032ae0 f   c9_six_plus_six_AcmsteeringV09_main_2lflm.obj
 0001:00031b10       sf_internal_get_sim_state_c9_six_plus_six_AcmsteeringV09_main_2lflm 0000000180032b10 f   c9_six_plus_six_AcmsteeringV09_main_2lflm.obj
 0001:000324a0       sf_internal_set_sim_state_c9_six_plus_six_AcmsteeringV09_main_2lflm 00000001800334a0 f   c9_six_plus_six_AcmsteeringV09_main_2lflm.obj
 0001:00032c30       c9_six_plus_six_AcmsteeringV09_main_2lflm_method_dispatcher 0000000180033c30 f   c9_six_plus_six_AcmsteeringV09_main_2lflm.obj
 0001:0008bff0       sf_c10_six_plus_six_AcmsteeringV09_main_2lflm_get_eml_resolved_functions_info 000000018008cff0 f   c10_six_plus_six_AcmsteeringV09_main_2lflm.obj
 0001:0008c070       sf_c10_six_plus_six_AcmsteeringV09_main_2lflm_get_check_sum 000000018008d070 f   c10_six_plus_six_AcmsteeringV09_main_2lflm.obj
 0001:0008c0f0       sf_c10_six_plus_six_AcmsteeringV09_main_2lflm_get_autoinheritance_info 000000018008d0f0 f   c10_six_plus_six_AcmsteeringV09_main_2lflm.obj
 0001:0008c510       sf_c10_six_plus_six_AcmsteeringV09_main_2lflm_third_party_uses_info 000000018008d510 f   c10_six_plus_six_AcmsteeringV09_main_2lflm.obj
 0001:0008c540       sf_c10_six_plus_six_AcmsteeringV09_main_2lflm_updateBuildInfo_args_info 000000018008d540 f   c10_six_plus_six_AcmsteeringV09_main_2lflm.obj
 0001:0008c570       sf_internal_get_sim_state_c10_six_plus_six_AcmsteeringV09_main_2lflm 000000018008d570 f   c10_six_plus_six_AcmsteeringV09_main_2lflm.obj
 0001:0008c8d0       sf_internal_set_sim_state_c10_six_plus_six_AcmsteeringV09_main_2lflm 000000018008d8d0 f   c10_six_plus_six_AcmsteeringV09_main_2lflm.obj
 0001:0008ccc0       c10_six_plus_six_AcmsteeringV09_main_2lflm_method_dispatcher 000000018008dcc0 f   c10_six_plus_six_AcmsteeringV09_main_2lflm.obj
 0001:0008ea30       sf_c11_six_plus_six_AcmsteeringV09_main_2lflm_get_eml_resolved_functions_info 000000018008fa30 f   c11_six_plus_six_AcmsteeringV09_main_2lflm.obj
 0001:0008eab0       sf_c11_six_plus_six_AcmsteeringV09_main_2lflm_get_check_sum 000000018008fab0 f   c11_six_plus_six_AcmsteeringV09_main_2lflm.obj
 0001:0008eb30       sf_c11_six_plus_six_AcmsteeringV09_main_2lflm_get_autoinheritance_info 000000018008fb30 f   c11_six_plus_six_AcmsteeringV09_main_2lflm.obj
 0001:0008ef50       sf_c11_six_plus_six_AcmsteeringV09_main_2lflm_third_party_uses_info 000000018008ff50 f   c11_six_plus_six_AcmsteeringV09_main_2lflm.obj
 0001:0008ef80       sf_c11_six_plus_six_AcmsteeringV09_main_2lflm_updateBuildInfo_args_info 000000018008ff80 f   c11_six_plus_six_AcmsteeringV09_main_2lflm.obj
 0001:0008efb0       sf_internal_get_sim_state_c11_six_plus_six_AcmsteeringV09_main_2lflm 000000018008ffb0 f   c11_six_plus_six_AcmsteeringV09_main_2lflm.obj
 0001:0008f310       sf_internal_set_sim_state_c11_six_plus_six_AcmsteeringV09_main_2lflm 0000000180090310 f   c11_six_plus_six_AcmsteeringV09_main_2lflm.obj
 0001:0008f700       c11_six_plus_six_AcmsteeringV09_main_2lflm_method_dispatcher 0000000180090700 f   c11_six_plus_six_AcmsteeringV09_main_2lflm.obj
 0001:00091480       sf_c12_six_plus_six_AcmsteeringV09_main_2lflm_get_eml_resolved_functions_info 0000000180092480 f   c12_six_plus_six_AcmsteeringV09_main_2lflm.obj
 0001:00091500       sf_c12_six_plus_six_AcmsteeringV09_main_2lflm_get_check_sum 0000000180092500 f   c12_six_plus_six_AcmsteeringV09_main_2lflm.obj
 0001:00091580       sf_c12_six_plus_six_AcmsteeringV09_main_2lflm_get_autoinheritance_info 0000000180092580 f   c12_six_plus_six_AcmsteeringV09_main_2lflm.obj
 0001:000919a0       sf_c12_six_plus_six_AcmsteeringV09_main_2lflm_third_party_uses_info 00000001800929a0 f   c12_six_plus_six_AcmsteeringV09_main_2lflm.obj
 0001:000919d0       sf_c12_six_plus_six_AcmsteeringV09_main_2lflm_updateBuildInfo_args_info 00000001800929d0 f   c12_six_plus_six_AcmsteeringV09_main_2lflm.obj
 0001:00091a00       sf_internal_get_sim_state_c12_six_plus_six_AcmsteeringV09_main_2lflm 0000000180092a00 f   c12_six_plus_six_AcmsteeringV09_main_2lflm.obj
 0001:00091d60       sf_internal_set_sim_state_c12_six_plus_six_AcmsteeringV09_main_2lflm 0000000180092d60 f   c12_six_plus_six_AcmsteeringV09_main_2lflm.obj
 0001:00092150       c12_six_plus_six_AcmsteeringV09_main_2lflm_method_dispatcher 0000000180093150 f   c12_six_plus_six_AcmsteeringV09_main_2lflm.obj
 0001:00093ec0       sf_c13_six_plus_six_AcmsteeringV09_main_2lflm_get_eml_resolved_functions_info 0000000180094ec0 f   c13_six_plus_six_AcmsteeringV09_main_2lflm.obj
 0001:00093f40       sf_c13_six_plus_six_AcmsteeringV09_main_2lflm_get_check_sum 0000000180094f40 f   c13_six_plus_six_AcmsteeringV09_main_2lflm.obj
 0001:00093fc0       sf_c13_six_plus_six_AcmsteeringV09_main_2lflm_get_autoinheritance_info 0000000180094fc0 f   c13_six_plus_six_AcmsteeringV09_main_2lflm.obj
 0001:000943e0       sf_c13_six_plus_six_AcmsteeringV09_main_2lflm_third_party_uses_info 00000001800953e0 f   c13_six_plus_six_AcmsteeringV09_main_2lflm.obj
 0001:00094410       sf_c13_six_plus_six_AcmsteeringV09_main_2lflm_updateBuildInfo_args_info 0000000180095410 f   c13_six_plus_six_AcmsteeringV09_main_2lflm.obj
 0001:00094440       sf_internal_get_sim_state_c13_six_plus_six_AcmsteeringV09_main_2lflm 0000000180095440 f   c13_six_plus_six_AcmsteeringV09_main_2lflm.obj
 0001:000947a0       sf_internal_set_sim_state_c13_six_plus_six_AcmsteeringV09_main_2lflm 00000001800957a0 f   c13_six_plus_six_AcmsteeringV09_main_2lflm.obj
 0001:00094b90       c13_six_plus_six_AcmsteeringV09_main_2lflm_method_dispatcher 0000000180095b90 f   c13_six_plus_six_AcmsteeringV09_main_2lflm.obj
 0001:00096900       sf_c14_six_plus_six_AcmsteeringV09_main_2lflm_get_eml_resolved_functions_info 0000000180097900 f   c14_six_plus_six_AcmsteeringV09_main_2lflm.obj
 0001:00096980       sf_c14_six_plus_six_AcmsteeringV09_main_2lflm_get_check_sum 0000000180097980 f   c14_six_plus_six_AcmsteeringV09_main_2lflm.obj
 0001:00096a00       sf_c14_six_plus_six_AcmsteeringV09_main_2lflm_get_autoinheritance_info 0000000180097a00 f   c14_six_plus_six_AcmsteeringV09_main_2lflm.obj
 0001:00096e20       sf_c14_six_plus_six_AcmsteeringV09_main_2lflm_third_party_uses_info 0000000180097e20 f   c14_six_plus_six_AcmsteeringV09_main_2lflm.obj
 0001:00096e50       sf_c14_six_plus_six_AcmsteeringV09_main_2lflm_updateBuildInfo_args_info 0000000180097e50 f   c14_six_plus_six_AcmsteeringV09_main_2lflm.obj
 0001:00096e80       sf_internal_get_sim_state_c14_six_plus_six_AcmsteeringV09_main_2lflm 0000000180097e80 f   c14_six_plus_six_AcmsteeringV09_main_2lflm.obj
 0001:000971e0       sf_internal_set_sim_state_c14_six_plus_six_AcmsteeringV09_main_2lflm 00000001800981e0 f   c14_six_plus_six_AcmsteeringV09_main_2lflm.obj
 0001:000975d0       c14_six_plus_six_AcmsteeringV09_main_2lflm_method_dispatcher 00000001800985d0 f   c14_six_plus_six_AcmsteeringV09_main_2lflm.obj
 0001:00099330       sf_c15_six_plus_six_AcmsteeringV09_main_2lflm_get_eml_resolved_functions_info 000000018009a330 f   c15_six_plus_six_AcmsteeringV09_main_2lflm.obj
 0001:000993b0       sf_c15_six_plus_six_AcmsteeringV09_main_2lflm_get_check_sum 000000018009a3b0 f   c15_six_plus_six_AcmsteeringV09_main_2lflm.obj
 0001:00099430       sf_c15_six_plus_six_AcmsteeringV09_main_2lflm_get_autoinheritance_info 000000018009a430 f   c15_six_plus_six_AcmsteeringV09_main_2lflm.obj
 0001:00099850       sf_c15_six_plus_six_AcmsteeringV09_main_2lflm_third_party_uses_info 000000018009a850 f   c15_six_plus_six_AcmsteeringV09_main_2lflm.obj
 0001:00099880       sf_c15_six_plus_six_AcmsteeringV09_main_2lflm_updateBuildInfo_args_info 000000018009a880 f   c15_six_plus_six_AcmsteeringV09_main_2lflm.obj
 0001:000998b0       sf_internal_get_sim_state_c15_six_plus_six_AcmsteeringV09_main_2lflm 000000018009a8b0 f   c15_six_plus_six_AcmsteeringV09_main_2lflm.obj
 0001:00099c10       sf_internal_set_sim_state_c15_six_plus_six_AcmsteeringV09_main_2lflm 000000018009ac10 f   c15_six_plus_six_AcmsteeringV09_main_2lflm.obj
 0001:0009a000       c15_six_plus_six_AcmsteeringV09_main_2lflm_method_dispatcher 000000018009b000 f   c15_six_plus_six_AcmsteeringV09_main_2lflm.obj
 0001:0009bd70       sf_c16_six_plus_six_AcmsteeringV09_main_2lflm_get_eml_resolved_functions_info 000000018009cd70 f   c16_six_plus_six_AcmsteeringV09_main_2lflm.obj
 0001:0009bdf0       sf_c16_six_plus_six_AcmsteeringV09_main_2lflm_get_check_sum 000000018009cdf0 f   c16_six_plus_six_AcmsteeringV09_main_2lflm.obj
 0001:0009be70       sf_c16_six_plus_six_AcmsteeringV09_main_2lflm_get_autoinheritance_info 000000018009ce70 f   c16_six_plus_six_AcmsteeringV09_main_2lflm.obj
 0001:0009c290       sf_c16_six_plus_six_AcmsteeringV09_main_2lflm_third_party_uses_info 000000018009d290 f   c16_six_plus_six_AcmsteeringV09_main_2lflm.obj
 0001:0009c2c0       sf_c16_six_plus_six_AcmsteeringV09_main_2lflm_updateBuildInfo_args_info 000000018009d2c0 f   c16_six_plus_six_AcmsteeringV09_main_2lflm.obj
 0001:0009c2f0       sf_internal_get_sim_state_c16_six_plus_six_AcmsteeringV09_main_2lflm 000000018009d2f0 f   c16_six_plus_six_AcmsteeringV09_main_2lflm.obj
 0001:0009c650       sf_internal_set_sim_state_c16_six_plus_six_AcmsteeringV09_main_2lflm 000000018009d650 f   c16_six_plus_six_AcmsteeringV09_main_2lflm.obj
 0001:0009ca40       c16_six_plus_six_AcmsteeringV09_main_2lflm_method_dispatcher 000000018009da40 f   c16_six_plus_six_AcmsteeringV09_main_2lflm.obj
 0001:0009e7b0       sf_c17_six_plus_six_AcmsteeringV09_main_2lflm_get_eml_resolved_functions_info 000000018009f7b0 f   c17_six_plus_six_AcmsteeringV09_main_2lflm.obj
 0001:0009e830       sf_c17_six_plus_six_AcmsteeringV09_main_2lflm_get_check_sum 000000018009f830 f   c17_six_plus_six_AcmsteeringV09_main_2lflm.obj
 0001:0009e8b0       sf_c17_six_plus_six_AcmsteeringV09_main_2lflm_get_autoinheritance_info 000000018009f8b0 f   c17_six_plus_six_AcmsteeringV09_main_2lflm.obj
 0001:0009ecd0       sf_c17_six_plus_six_AcmsteeringV09_main_2lflm_third_party_uses_info 000000018009fcd0 f   c17_six_plus_six_AcmsteeringV09_main_2lflm.obj
 0001:0009ed00       sf_c17_six_plus_six_AcmsteeringV09_main_2lflm_updateBuildInfo_args_info 000000018009fd00 f   c17_six_plus_six_AcmsteeringV09_main_2lflm.obj
 0001:0009ed30       sf_internal_get_sim_state_c17_six_plus_six_AcmsteeringV09_main_2lflm 000000018009fd30 f   c17_six_plus_six_AcmsteeringV09_main_2lflm.obj
 0001:0009f090       sf_internal_set_sim_state_c17_six_plus_six_AcmsteeringV09_main_2lflm 00000001800a0090 f   c17_six_plus_six_AcmsteeringV09_main_2lflm.obj
 0001:0009f480       c17_six_plus_six_AcmsteeringV09_main_2lflm_method_dispatcher 00000001800a0480 f   c17_six_plus_six_AcmsteeringV09_main_2lflm.obj
 0001:000a11f0       sf_c18_six_plus_six_AcmsteeringV09_main_2lflm_get_eml_resolved_functions_info 00000001800a21f0 f   c18_six_plus_six_AcmsteeringV09_main_2lflm.obj
 0001:000a1270       sf_c18_six_plus_six_AcmsteeringV09_main_2lflm_get_check_sum 00000001800a2270 f   c18_six_plus_six_AcmsteeringV09_main_2lflm.obj
 0001:000a12f0       sf_c18_six_plus_six_AcmsteeringV09_main_2lflm_get_autoinheritance_info 00000001800a22f0 f   c18_six_plus_six_AcmsteeringV09_main_2lflm.obj
 0001:000a1710       sf_c18_six_plus_six_AcmsteeringV09_main_2lflm_third_party_uses_info 00000001800a2710 f   c18_six_plus_six_AcmsteeringV09_main_2lflm.obj
 0001:000a1740       sf_c18_six_plus_six_AcmsteeringV09_main_2lflm_updateBuildInfo_args_info 00000001800a2740 f   c18_six_plus_six_AcmsteeringV09_main_2lflm.obj
 0001:000a1770       sf_internal_get_sim_state_c18_six_plus_six_AcmsteeringV09_main_2lflm 00000001800a2770 f   c18_six_plus_six_AcmsteeringV09_main_2lflm.obj
 0001:000a1ad0       sf_internal_set_sim_state_c18_six_plus_six_AcmsteeringV09_main_2lflm 00000001800a2ad0 f   c18_six_plus_six_AcmsteeringV09_main_2lflm.obj
 0001:000a1ec0       c18_six_plus_six_AcmsteeringV09_main_2lflm_method_dispatcher 00000001800a2ec0 f   c18_six_plus_six_AcmsteeringV09_main_2lflm.obj
 0001:000a3c30       sf_c19_six_plus_six_AcmsteeringV09_main_2lflm_get_eml_resolved_functions_info 00000001800a4c30 f   c19_six_plus_six_AcmsteeringV09_main_2lflm.obj
 0001:000a3cb0       sf_c19_six_plus_six_AcmsteeringV09_main_2lflm_get_check_sum 00000001800a4cb0 f   c19_six_plus_six_AcmsteeringV09_main_2lflm.obj
 0001:000a3d30       sf_c19_six_plus_six_AcmsteeringV09_main_2lflm_get_autoinheritance_info 00000001800a4d30 f   c19_six_plus_six_AcmsteeringV09_main_2lflm.obj
 0001:000a4150       sf_c19_six_plus_six_AcmsteeringV09_main_2lflm_third_party_uses_info 00000001800a5150 f   c19_six_plus_six_AcmsteeringV09_main_2lflm.obj
 0001:000a4180       sf_c19_six_plus_six_AcmsteeringV09_main_2lflm_updateBuildInfo_args_info 00000001800a5180 f   c19_six_plus_six_AcmsteeringV09_main_2lflm.obj
 0001:000a41b0       sf_internal_get_sim_state_c19_six_plus_six_AcmsteeringV09_main_2lflm 00000001800a51b0 f   c19_six_plus_six_AcmsteeringV09_main_2lflm.obj
 0001:000a4510       sf_internal_set_sim_state_c19_six_plus_six_AcmsteeringV09_main_2lflm 00000001800a5510 f   c19_six_plus_six_AcmsteeringV09_main_2lflm.obj
 0001:000a4900       c19_six_plus_six_AcmsteeringV09_main_2lflm_method_dispatcher 00000001800a5900 f   c19_six_plus_six_AcmsteeringV09_main_2lflm.obj
 0001:000a6490       sf_c20_six_plus_six_AcmsteeringV09_main_2lflm_get_eml_resolved_functions_info 00000001800a7490 f   c20_six_plus_six_AcmsteeringV09_main_2lflm.obj
 0001:000a6510       sf_c20_six_plus_six_AcmsteeringV09_main_2lflm_get_check_sum 00000001800a7510 f   c20_six_plus_six_AcmsteeringV09_main_2lflm.obj
 0001:000a6590       sf_c20_six_plus_six_AcmsteeringV09_main_2lflm_get_autoinheritance_info 00000001800a7590 f   c20_six_plus_six_AcmsteeringV09_main_2lflm.obj
 0001:000a69b0       sf_c20_six_plus_six_AcmsteeringV09_main_2lflm_third_party_uses_info 00000001800a79b0 f   c20_six_plus_six_AcmsteeringV09_main_2lflm.obj
 0001:000a69e0       sf_c20_six_plus_six_AcmsteeringV09_main_2lflm_updateBuildInfo_args_info 00000001800a79e0 f   c20_six_plus_six_AcmsteeringV09_main_2lflm.obj
 0001:000a6a10       sf_internal_get_sim_state_c20_six_plus_six_AcmsteeringV09_main_2lflm 00000001800a7a10 f   c20_six_plus_six_AcmsteeringV09_main_2lflm.obj
 0001:000a6d70       sf_internal_set_sim_state_c20_six_plus_six_AcmsteeringV09_main_2lflm 00000001800a7d70 f   c20_six_plus_six_AcmsteeringV09_main_2lflm.obj
 0001:000a7160       c20_six_plus_six_AcmsteeringV09_main_2lflm_method_dispatcher 00000001800a8160 f   c20_six_plus_six_AcmsteeringV09_main_2lflm.obj
 0001:000a8ed0       sf_c21_six_plus_six_AcmsteeringV09_main_2lflm_get_eml_resolved_functions_info 00000001800a9ed0 f   c21_six_plus_six_AcmsteeringV09_main_2lflm.obj
 0001:000a8f50       sf_c21_six_plus_six_AcmsteeringV09_main_2lflm_get_check_sum 00000001800a9f50 f   c21_six_plus_six_AcmsteeringV09_main_2lflm.obj
 0001:000a8fd0       sf_c21_six_plus_six_AcmsteeringV09_main_2lflm_get_autoinheritance_info 00000001800a9fd0 f   c21_six_plus_six_AcmsteeringV09_main_2lflm.obj
 0001:000a93f0       sf_c21_six_plus_six_AcmsteeringV09_main_2lflm_third_party_uses_info 00000001800aa3f0 f   c21_six_plus_six_AcmsteeringV09_main_2lflm.obj
 0001:000a9420       sf_c21_six_plus_six_AcmsteeringV09_main_2lflm_updateBuildInfo_args_info 00000001800aa420 f   c21_six_plus_six_AcmsteeringV09_main_2lflm.obj
 0001:000a9450       sf_internal_get_sim_state_c21_six_plus_six_AcmsteeringV09_main_2lflm 00000001800aa450 f   c21_six_plus_six_AcmsteeringV09_main_2lflm.obj
 0001:000a97b0       sf_internal_set_sim_state_c21_six_plus_six_AcmsteeringV09_main_2lflm 00000001800aa7b0 f   c21_six_plus_six_AcmsteeringV09_main_2lflm.obj
 0001:000a9ba0       c21_six_plus_six_AcmsteeringV09_main_2lflm_method_dispatcher 00000001800aaba0 f   c21_six_plus_six_AcmsteeringV09_main_2lflm.obj
 0001:000ab720       sf_c22_six_plus_six_AcmsteeringV09_main_2lflm_get_eml_resolved_functions_info 00000001800ac720 f   c22_six_plus_six_AcmsteeringV09_main_2lflm.obj
 0001:000ab7a0       sf_c22_six_plus_six_AcmsteeringV09_main_2lflm_get_check_sum 00000001800ac7a0 f   c22_six_plus_six_AcmsteeringV09_main_2lflm.obj
 0001:000ab820       sf_c22_six_plus_six_AcmsteeringV09_main_2lflm_get_autoinheritance_info 00000001800ac820 f   c22_six_plus_six_AcmsteeringV09_main_2lflm.obj
 0001:000abc40       sf_c22_six_plus_six_AcmsteeringV09_main_2lflm_third_party_uses_info 00000001800acc40 f   c22_six_plus_six_AcmsteeringV09_main_2lflm.obj
 0001:000abc70       sf_c22_six_plus_six_AcmsteeringV09_main_2lflm_updateBuildInfo_args_info 00000001800acc70 f   c22_six_plus_six_AcmsteeringV09_main_2lflm.obj
 0001:000abca0       sf_internal_get_sim_state_c22_six_plus_six_AcmsteeringV09_main_2lflm 00000001800acca0 f   c22_six_plus_six_AcmsteeringV09_main_2lflm.obj
 0001:000ac000       sf_internal_set_sim_state_c22_six_plus_six_AcmsteeringV09_main_2lflm 00000001800ad000 f   c22_six_plus_six_AcmsteeringV09_main_2lflm.obj
 0001:000ac3f0       c22_six_plus_six_AcmsteeringV09_main_2lflm_method_dispatcher 00000001800ad3f0 f   c22_six_plus_six_AcmsteeringV09_main_2lflm.obj
 0001:000ae160       sf_c23_six_plus_six_AcmsteeringV09_main_2lflm_get_eml_resolved_functions_info 00000001800af160 f   c23_six_plus_six_AcmsteeringV09_main_2lflm.obj
 0001:000ae1e0       sf_c23_six_plus_six_AcmsteeringV09_main_2lflm_get_check_sum 00000001800af1e0 f   c23_six_plus_six_AcmsteeringV09_main_2lflm.obj
 0001:000ae260       sf_c23_six_plus_six_AcmsteeringV09_main_2lflm_get_autoinheritance_info 00000001800af260 f   c23_six_plus_six_AcmsteeringV09_main_2lflm.obj
 0001:000ae680       sf_c23_six_plus_six_AcmsteeringV09_main_2lflm_third_party_uses_info 00000001800af680 f   c23_six_plus_six_AcmsteeringV09_main_2lflm.obj
 0001:000ae6b0       sf_c23_six_plus_six_AcmsteeringV09_main_2lflm_updateBuildInfo_args_info 00000001800af6b0 f   c23_six_plus_six_AcmsteeringV09_main_2lflm.obj
 0001:000ae6e0       sf_internal_get_sim_state_c23_six_plus_six_AcmsteeringV09_main_2lflm 00000001800af6e0 f   c23_six_plus_six_AcmsteeringV09_main_2lflm.obj
 0001:000aea40       sf_internal_set_sim_state_c23_six_plus_six_AcmsteeringV09_main_2lflm 00000001800afa40 f   c23_six_plus_six_AcmsteeringV09_main_2lflm.obj
 0001:000aee30       c23_six_plus_six_AcmsteeringV09_main_2lflm_method_dispatcher 00000001800afe30 f   c23_six_plus_six_AcmsteeringV09_main_2lflm.obj
 0001:000b0b90       sf_c24_six_plus_six_AcmsteeringV09_main_2lflm_get_eml_resolved_functions_info 00000001800b1b90 f   c24_six_plus_six_AcmsteeringV09_main_2lflm.obj
 0001:000b0c10       sf_c24_six_plus_six_AcmsteeringV09_main_2lflm_get_check_sum 00000001800b1c10 f   c24_six_plus_six_AcmsteeringV09_main_2lflm.obj
 0001:000b0c90       sf_c24_six_plus_six_AcmsteeringV09_main_2lflm_get_autoinheritance_info 00000001800b1c90 f   c24_six_plus_six_AcmsteeringV09_main_2lflm.obj
 0001:000b10b0       sf_c24_six_plus_six_AcmsteeringV09_main_2lflm_third_party_uses_info 00000001800b20b0 f   c24_six_plus_six_AcmsteeringV09_main_2lflm.obj
 0001:000b10e0       sf_c24_six_plus_six_AcmsteeringV09_main_2lflm_updateBuildInfo_args_info 00000001800b20e0 f   c24_six_plus_six_AcmsteeringV09_main_2lflm.obj
 0001:000b1110       sf_internal_get_sim_state_c24_six_plus_six_AcmsteeringV09_main_2lflm 00000001800b2110 f   c24_six_plus_six_AcmsteeringV09_main_2lflm.obj
 0001:000b1470       sf_internal_set_sim_state_c24_six_plus_six_AcmsteeringV09_main_2lflm 00000001800b2470 f   c24_six_plus_six_AcmsteeringV09_main_2lflm.obj
 0001:000b1860       c24_six_plus_six_AcmsteeringV09_main_2lflm_method_dispatcher 00000001800b2860 f   c24_six_plus_six_AcmsteeringV09_main_2lflm.obj
 0001:000b35d0       sf_c25_six_plus_six_AcmsteeringV09_main_2lflm_get_eml_resolved_functions_info 00000001800b45d0 f   c25_six_plus_six_AcmsteeringV09_main_2lflm.obj
 0001:000b3650       sf_c25_six_plus_six_AcmsteeringV09_main_2lflm_get_check_sum 00000001800b4650 f   c25_six_plus_six_AcmsteeringV09_main_2lflm.obj
 0001:000b36d0       sf_c25_six_plus_six_AcmsteeringV09_main_2lflm_get_autoinheritance_info 00000001800b46d0 f   c25_six_plus_six_AcmsteeringV09_main_2lflm.obj
 0001:000b3af0       sf_c25_six_plus_six_AcmsteeringV09_main_2lflm_third_party_uses_info 00000001800b4af0 f   c25_six_plus_six_AcmsteeringV09_main_2lflm.obj
 0001:000b3b20       sf_c25_six_plus_six_AcmsteeringV09_main_2lflm_updateBuildInfo_args_info 00000001800b4b20 f   c25_six_plus_six_AcmsteeringV09_main_2lflm.obj
 0001:000b3b50       sf_internal_get_sim_state_c25_six_plus_six_AcmsteeringV09_main_2lflm 00000001800b4b50 f   c25_six_plus_six_AcmsteeringV09_main_2lflm.obj
 0001:000b3eb0       sf_internal_set_sim_state_c25_six_plus_six_AcmsteeringV09_main_2lflm 00000001800b4eb0 f   c25_six_plus_six_AcmsteeringV09_main_2lflm.obj
 0001:000b42a0       c25_six_plus_six_AcmsteeringV09_main_2lflm_method_dispatcher 00000001800b52a0 f   c25_six_plus_six_AcmsteeringV09_main_2lflm.obj
 0001:000b6010       sf_c26_six_plus_six_AcmsteeringV09_main_2lflm_get_eml_resolved_functions_info 00000001800b7010 f   c26_six_plus_six_AcmsteeringV09_main_2lflm.obj
 0001:000b6090       sf_c26_six_plus_six_AcmsteeringV09_main_2lflm_get_check_sum 00000001800b7090 f   c26_six_plus_six_AcmsteeringV09_main_2lflm.obj
 0001:000b6110       sf_c26_six_plus_six_AcmsteeringV09_main_2lflm_get_autoinheritance_info 00000001800b7110 f   c26_six_plus_six_AcmsteeringV09_main_2lflm.obj
 0001:000b6530       sf_c26_six_plus_six_AcmsteeringV09_main_2lflm_third_party_uses_info 00000001800b7530 f   c26_six_plus_six_AcmsteeringV09_main_2lflm.obj
 0001:000b6560       sf_c26_six_plus_six_AcmsteeringV09_main_2lflm_updateBuildInfo_args_info 00000001800b7560 f   c26_six_plus_six_AcmsteeringV09_main_2lflm.obj
 0001:000b6590       sf_internal_get_sim_state_c26_six_plus_six_AcmsteeringV09_main_2lflm 00000001800b7590 f   c26_six_plus_six_AcmsteeringV09_main_2lflm.obj
 0001:000b68f0       sf_internal_set_sim_state_c26_six_plus_six_AcmsteeringV09_main_2lflm 00000001800b78f0 f   c26_six_plus_six_AcmsteeringV09_main_2lflm.obj
 0001:000b6ce0       c26_six_plus_six_AcmsteeringV09_main_2lflm_method_dispatcher 00000001800b7ce0 f   c26_six_plus_six_AcmsteeringV09_main_2lflm.obj
 0001:000b8a50       sf_c27_six_plus_six_AcmsteeringV09_main_2lflm_get_eml_resolved_functions_info 00000001800b9a50 f   c27_six_plus_six_AcmsteeringV09_main_2lflm.obj
 0001:000b8ad0       sf_c27_six_plus_six_AcmsteeringV09_main_2lflm_get_check_sum 00000001800b9ad0 f   c27_six_plus_six_AcmsteeringV09_main_2lflm.obj
 0001:000b8b50       sf_c27_six_plus_six_AcmsteeringV09_main_2lflm_get_autoinheritance_info 00000001800b9b50 f   c27_six_plus_six_AcmsteeringV09_main_2lflm.obj
 0001:000b8f70       sf_c27_six_plus_six_AcmsteeringV09_main_2lflm_third_party_uses_info 00000001800b9f70 f   c27_six_plus_six_AcmsteeringV09_main_2lflm.obj
 0001:000b8fa0       sf_c27_six_plus_six_AcmsteeringV09_main_2lflm_updateBuildInfo_args_info 00000001800b9fa0 f   c27_six_plus_six_AcmsteeringV09_main_2lflm.obj
 0001:000b8fd0       sf_internal_get_sim_state_c27_six_plus_six_AcmsteeringV09_main_2lflm 00000001800b9fd0 f   c27_six_plus_six_AcmsteeringV09_main_2lflm.obj
 0001:000b9330       sf_internal_set_sim_state_c27_six_plus_six_AcmsteeringV09_main_2lflm 00000001800ba330 f   c27_six_plus_six_AcmsteeringV09_main_2lflm.obj
 0001:000b9720       c27_six_plus_six_AcmsteeringV09_main_2lflm_method_dispatcher 00000001800ba720 f   c27_six_plus_six_AcmsteeringV09_main_2lflm.obj
 0001:000bb490       sf_c28_six_plus_six_AcmsteeringV09_main_2lflm_get_eml_resolved_functions_info 00000001800bc490 f   c28_six_plus_six_AcmsteeringV09_main_2lflm.obj
 0001:000bb510       sf_c28_six_plus_six_AcmsteeringV09_main_2lflm_get_check_sum 00000001800bc510 f   c28_six_plus_six_AcmsteeringV09_main_2lflm.obj
 0001:000bb590       sf_c28_six_plus_six_AcmsteeringV09_main_2lflm_get_autoinheritance_info 00000001800bc590 f   c28_six_plus_six_AcmsteeringV09_main_2lflm.obj
 0001:000bb9b0       sf_c28_six_plus_six_AcmsteeringV09_main_2lflm_third_party_uses_info 00000001800bc9b0 f   c28_six_plus_six_AcmsteeringV09_main_2lflm.obj
 0001:000bb9e0       sf_c28_six_plus_six_AcmsteeringV09_main_2lflm_updateBuildInfo_args_info 00000001800bc9e0 f   c28_six_plus_six_AcmsteeringV09_main_2lflm.obj
 0001:000bba10       sf_internal_get_sim_state_c28_six_plus_six_AcmsteeringV09_main_2lflm 00000001800bca10 f   c28_six_plus_six_AcmsteeringV09_main_2lflm.obj
 0001:000bbd70       sf_internal_set_sim_state_c28_six_plus_six_AcmsteeringV09_main_2lflm 00000001800bcd70 f   c28_six_plus_six_AcmsteeringV09_main_2lflm.obj
 0001:000bc160       c28_six_plus_six_AcmsteeringV09_main_2lflm_method_dispatcher 00000001800bd160 f   c28_six_plus_six_AcmsteeringV09_main_2lflm.obj
 0001:000bded0       sf_c29_six_plus_six_AcmsteeringV09_main_2lflm_get_eml_resolved_functions_info 00000001800beed0 f   c29_six_plus_six_AcmsteeringV09_main_2lflm.obj
 0001:000bdf50       sf_c29_six_plus_six_AcmsteeringV09_main_2lflm_get_check_sum 00000001800bef50 f   c29_six_plus_six_AcmsteeringV09_main_2lflm.obj
 0001:000bdfd0       sf_c29_six_plus_six_AcmsteeringV09_main_2lflm_get_autoinheritance_info 00000001800befd0 f   c29_six_plus_six_AcmsteeringV09_main_2lflm.obj
 0001:000be3f0       sf_c29_six_plus_six_AcmsteeringV09_main_2lflm_third_party_uses_info 00000001800bf3f0 f   c29_six_plus_six_AcmsteeringV09_main_2lflm.obj
 0001:000be420       sf_c29_six_plus_six_AcmsteeringV09_main_2lflm_updateBuildInfo_args_info 00000001800bf420 f   c29_six_plus_six_AcmsteeringV09_main_2lflm.obj
 0001:000be450       sf_internal_get_sim_state_c29_six_plus_six_AcmsteeringV09_main_2lflm 00000001800bf450 f   c29_six_plus_six_AcmsteeringV09_main_2lflm.obj
 0001:000be7b0       sf_internal_set_sim_state_c29_six_plus_six_AcmsteeringV09_main_2lflm 00000001800bf7b0 f   c29_six_plus_six_AcmsteeringV09_main_2lflm.obj
 0001:000beba0       c29_six_plus_six_AcmsteeringV09_main_2lflm_method_dispatcher 00000001800bfba0 f   c29_six_plus_six_AcmsteeringV09_main_2lflm.obj
 0001:000c0910       sf_c30_six_plus_six_AcmsteeringV09_main_2lflm_get_eml_resolved_functions_info 00000001800c1910 f   c30_six_plus_six_AcmsteeringV09_main_2lflm.obj
 0001:000c0990       sf_c30_six_plus_six_AcmsteeringV09_main_2lflm_get_check_sum 00000001800c1990 f   c30_six_plus_six_AcmsteeringV09_main_2lflm.obj
 0001:000c0a10       sf_c30_six_plus_six_AcmsteeringV09_main_2lflm_get_autoinheritance_info 00000001800c1a10 f   c30_six_plus_six_AcmsteeringV09_main_2lflm.obj
 0001:000c0e30       sf_c30_six_plus_six_AcmsteeringV09_main_2lflm_third_party_uses_info 00000001800c1e30 f   c30_six_plus_six_AcmsteeringV09_main_2lflm.obj
 0001:000c0e60       sf_c30_six_plus_six_AcmsteeringV09_main_2lflm_updateBuildInfo_args_info 00000001800c1e60 f   c30_six_plus_six_AcmsteeringV09_main_2lflm.obj
 0001:000c0e90       sf_internal_get_sim_state_c30_six_plus_six_AcmsteeringV09_main_2lflm 00000001800c1e90 f   c30_six_plus_six_AcmsteeringV09_main_2lflm.obj
 0001:000c11f0       sf_internal_set_sim_state_c30_six_plus_six_AcmsteeringV09_main_2lflm 00000001800c21f0 f   c30_six_plus_six_AcmsteeringV09_main_2lflm.obj
 0001:000c15e0       c30_six_plus_six_AcmsteeringV09_main_2lflm_method_dispatcher 00000001800c25e0 f   c30_six_plus_six_AcmsteeringV09_main_2lflm.obj
 0001:000c3360       sf_c31_six_plus_six_AcmsteeringV09_main_2lflm_get_eml_resolved_functions_info 00000001800c4360 f   c31_six_plus_six_AcmsteeringV09_main_2lflm.obj
 0001:000c71b0       sf_c31_six_plus_six_AcmsteeringV09_main_2lflm_get_check_sum 00000001800c81b0 f   c31_six_plus_six_AcmsteeringV09_main_2lflm.obj
 0001:000c7230       sf_c31_six_plus_six_AcmsteeringV09_main_2lflm_get_autoinheritance_info 00000001800c8230 f   c31_six_plus_six_AcmsteeringV09_main_2lflm.obj
 0001:000ca930       sf_c31_six_plus_six_AcmsteeringV09_main_2lflm_third_party_uses_info 00000001800cb930 f   c31_six_plus_six_AcmsteeringV09_main_2lflm.obj
 0001:000ca960       sf_c31_six_plus_six_AcmsteeringV09_main_2lflm_updateBuildInfo_args_info 00000001800cb960 f   c31_six_plus_six_AcmsteeringV09_main_2lflm.obj
 0001:000ca990       sf_internal_get_sim_state_c31_six_plus_six_AcmsteeringV09_main_2lflm 00000001800cb990 f   c31_six_plus_six_AcmsteeringV09_main_2lflm.obj
 0001:000cb240       sf_internal_set_sim_state_c31_six_plus_six_AcmsteeringV09_main_2lflm 00000001800cc240 f   c31_six_plus_six_AcmsteeringV09_main_2lflm.obj
 0001:000cb890       c31_six_plus_six_AcmsteeringV09_main_2lflm_method_dispatcher 00000001800cc890 f   c31_six_plus_six_AcmsteeringV09_main_2lflm.obj
 0001:000d7160       sf_c32_six_plus_six_AcmsteeringV09_main_2lflm_get_eml_resolved_functions_info 00000001800d8160 f   c32_six_plus_six_AcmsteeringV09_main_2lflm.obj
 0001:000daad0       sf_c32_six_plus_six_AcmsteeringV09_main_2lflm_get_check_sum 00000001800dbad0 f   c32_six_plus_six_AcmsteeringV09_main_2lflm.obj
 0001:000dab50       sf_c32_six_plus_six_AcmsteeringV09_main_2lflm_get_autoinheritance_info 00000001800dbb50 f   c32_six_plus_six_AcmsteeringV09_main_2lflm.obj
 0001:000dcce0       sf_c32_six_plus_six_AcmsteeringV09_main_2lflm_third_party_uses_info 00000001800ddce0 f   c32_six_plus_six_AcmsteeringV09_main_2lflm.obj
 0001:000dcd10       sf_c32_six_plus_six_AcmsteeringV09_main_2lflm_updateBuildInfo_args_info 00000001800ddd10 f   c32_six_plus_six_AcmsteeringV09_main_2lflm.obj
 0001:000dcd40       sf_internal_get_sim_state_c32_six_plus_six_AcmsteeringV09_main_2lflm 00000001800ddd40 f   c32_six_plus_six_AcmsteeringV09_main_2lflm.obj
 0001:000dd6b0       sf_internal_set_sim_state_c32_six_plus_six_AcmsteeringV09_main_2lflm 00000001800de6b0 f   c32_six_plus_six_AcmsteeringV09_main_2lflm.obj
 0001:000dde40       c32_six_plus_six_AcmsteeringV09_main_2lflm_method_dispatcher 00000001800dee40 f   c32_six_plus_six_AcmsteeringV09_main_2lflm.obj
 0001:00137200       sf_c33_six_plus_six_AcmsteeringV09_main_2lflm_get_eml_resolved_functions_info 0000000180138200 f   c33_six_plus_six_AcmsteeringV09_main_2lflm.obj
 0001:00138e10       sf_c33_six_plus_six_AcmsteeringV09_main_2lflm_get_check_sum 0000000180139e10 f   c33_six_plus_six_AcmsteeringV09_main_2lflm.obj
 0001:00138e90       sf_c33_six_plus_six_AcmsteeringV09_main_2lflm_get_autoinheritance_info 0000000180139e90 f   c33_six_plus_six_AcmsteeringV09_main_2lflm.obj
 0001:00139910       sf_c33_six_plus_six_AcmsteeringV09_main_2lflm_third_party_uses_info 000000018013a910 f   c33_six_plus_six_AcmsteeringV09_main_2lflm.obj
 0001:00139940       sf_c33_six_plus_six_AcmsteeringV09_main_2lflm_updateBuildInfo_args_info 000000018013a940 f   c33_six_plus_six_AcmsteeringV09_main_2lflm.obj
 0001:00139970       sf_internal_get_sim_state_c33_six_plus_six_AcmsteeringV09_main_2lflm 000000018013a970 f   c33_six_plus_six_AcmsteeringV09_main_2lflm.obj
 0001:00139d90       sf_internal_set_sim_state_c33_six_plus_six_AcmsteeringV09_main_2lflm 000000018013ad90 f   c33_six_plus_six_AcmsteeringV09_main_2lflm.obj
 0001:0013a1c0       c33_six_plus_six_AcmsteeringV09_main_2lflm_method_dispatcher 000000018013b1c0 f   c33_six_plus_six_AcmsteeringV09_main_2lflm.obj
 0001:0013d370       sf_c34_six_plus_six_AcmsteeringV09_main_2lflm_get_eml_resolved_functions_info 000000018013e370 f   c34_six_plus_six_AcmsteeringV09_main_2lflm.obj
 0001:0013ef80       sf_c34_six_plus_six_AcmsteeringV09_main_2lflm_get_check_sum 000000018013ff80 f   c34_six_plus_six_AcmsteeringV09_main_2lflm.obj
 0001:0013f000       sf_c34_six_plus_six_AcmsteeringV09_main_2lflm_get_autoinheritance_info 0000000180140000 f   c34_six_plus_six_AcmsteeringV09_main_2lflm.obj
 0001:0013ff90       sf_c34_six_plus_six_AcmsteeringV09_main_2lflm_third_party_uses_info 0000000180140f90 f   c34_six_plus_six_AcmsteeringV09_main_2lflm.obj
 0001:0013ffc0       sf_c34_six_plus_six_AcmsteeringV09_main_2lflm_updateBuildInfo_args_info 0000000180140fc0 f   c34_six_plus_six_AcmsteeringV09_main_2lflm.obj
 0001:0013fff0       sf_internal_get_sim_state_c34_six_plus_six_AcmsteeringV09_main_2lflm 0000000180140ff0 f   c34_six_plus_six_AcmsteeringV09_main_2lflm.obj
 0001:00140350       sf_internal_set_sim_state_c34_six_plus_six_AcmsteeringV09_main_2lflm 0000000180141350 f   c34_six_plus_six_AcmsteeringV09_main_2lflm.obj
 0001:00140740       c34_six_plus_six_AcmsteeringV09_main_2lflm_method_dispatcher 0000000180141740 f   c34_six_plus_six_AcmsteeringV09_main_2lflm.obj
 0001:00143f80       sf_c35_six_plus_six_AcmsteeringV09_main_2lflm_get_eml_resolved_functions_info 0000000180144f80 f   c35_six_plus_six_AcmsteeringV09_main_2lflm.obj
 0001:00147b60       sf_c35_six_plus_six_AcmsteeringV09_main_2lflm_get_check_sum 0000000180148b60 f   c35_six_plus_six_AcmsteeringV09_main_2lflm.obj
 0001:00147be0       sf_c35_six_plus_six_AcmsteeringV09_main_2lflm_get_autoinheritance_info 0000000180148be0 f   c35_six_plus_six_AcmsteeringV09_main_2lflm.obj
 0001:00148150       sf_c35_six_plus_six_AcmsteeringV09_main_2lflm_third_party_uses_info 0000000180149150 f   c35_six_plus_six_AcmsteeringV09_main_2lflm.obj
 0001:00148180       sf_c35_six_plus_six_AcmsteeringV09_main_2lflm_updateBuildInfo_args_info 0000000180149180 f   c35_six_plus_six_AcmsteeringV09_main_2lflm.obj
 0001:001481b0       sf_internal_get_sim_state_c35_six_plus_six_AcmsteeringV09_main_2lflm 00000001801491b0 f   c35_six_plus_six_AcmsteeringV09_main_2lflm.obj
 0001:00148510       sf_internal_set_sim_state_c35_six_plus_six_AcmsteeringV09_main_2lflm 0000000180149510 f   c35_six_plus_six_AcmsteeringV09_main_2lflm.obj
 0001:00148900       c35_six_plus_six_AcmsteeringV09_main_2lflm_method_dispatcher 0000000180149900 f   c35_six_plus_six_AcmsteeringV09_main_2lflm.obj
 0001:0014a850       sf_c36_six_plus_six_AcmsteeringV09_main_2lflm_get_eml_resolved_functions_info 000000018014b850 f   c36_six_plus_six_AcmsteeringV09_main_2lflm.obj
 0001:0014c1f0       sf_c36_six_plus_six_AcmsteeringV09_main_2lflm_get_check_sum 000000018014d1f0 f   c36_six_plus_six_AcmsteeringV09_main_2lflm.obj
 0001:0014c270       sf_c36_six_plus_six_AcmsteeringV09_main_2lflm_get_autoinheritance_info 000000018014d270 f   c36_six_plus_six_AcmsteeringV09_main_2lflm.obj
 0001:0014ccf0       sf_c36_six_plus_six_AcmsteeringV09_main_2lflm_third_party_uses_info 000000018014dcf0 f   c36_six_plus_six_AcmsteeringV09_main_2lflm.obj
 0001:0014cd20       sf_c36_six_plus_six_AcmsteeringV09_main_2lflm_updateBuildInfo_args_info 000000018014dd20 f   c36_six_plus_six_AcmsteeringV09_main_2lflm.obj
 0001:0014cd50       sf_internal_get_sim_state_c36_six_plus_six_AcmsteeringV09_main_2lflm 000000018014dd50 f   c36_six_plus_six_AcmsteeringV09_main_2lflm.obj
 0001:0014d0b0       sf_internal_set_sim_state_c36_six_plus_six_AcmsteeringV09_main_2lflm 000000018014e0b0 f   c36_six_plus_six_AcmsteeringV09_main_2lflm.obj
 0001:0014d4a0       c36_six_plus_six_AcmsteeringV09_main_2lflm_method_dispatcher 000000018014e4a0 f   c36_six_plus_six_AcmsteeringV09_main_2lflm.obj
 0001:0014fe70       sf_c37_six_plus_six_AcmsteeringV09_main_2lflm_get_eml_resolved_functions_info 0000000180150e70 f   c37_six_plus_six_AcmsteeringV09_main_2lflm.obj
 0001:0014fef0       sf_c37_six_plus_six_AcmsteeringV09_main_2lflm_get_check_sum 0000000180150ef0 f   c37_six_plus_six_AcmsteeringV09_main_2lflm.obj
 0001:0014ff70       sf_c37_six_plus_six_AcmsteeringV09_main_2lflm_get_autoinheritance_info 0000000180150f70 f   c37_six_plus_six_AcmsteeringV09_main_2lflm.obj
 0001:00150390       sf_c37_six_plus_six_AcmsteeringV09_main_2lflm_third_party_uses_info 0000000180151390 f   c37_six_plus_six_AcmsteeringV09_main_2lflm.obj
 0001:001503c0       sf_c37_six_plus_six_AcmsteeringV09_main_2lflm_updateBuildInfo_args_info 00000001801513c0 f   c37_six_plus_six_AcmsteeringV09_main_2lflm.obj
 0001:001503f0       sf_internal_get_sim_state_c37_six_plus_six_AcmsteeringV09_main_2lflm 00000001801513f0 f   c37_six_plus_six_AcmsteeringV09_main_2lflm.obj
 0001:00150750       sf_internal_set_sim_state_c37_six_plus_six_AcmsteeringV09_main_2lflm 0000000180151750 f   c37_six_plus_six_AcmsteeringV09_main_2lflm.obj
 0001:00150b40       c37_six_plus_six_AcmsteeringV09_main_2lflm_method_dispatcher 0000000180151b40 f   c37_six_plus_six_AcmsteeringV09_main_2lflm.obj
 0001:001528b0       sf_c38_six_plus_six_AcmsteeringV09_main_2lflm_get_eml_resolved_functions_info 00000001801538b0 f   c38_six_plus_six_AcmsteeringV09_main_2lflm.obj
 0001:00152930       sf_c38_six_plus_six_AcmsteeringV09_main_2lflm_get_check_sum 0000000180153930 f   c38_six_plus_six_AcmsteeringV09_main_2lflm.obj
 0001:001529b0       sf_c38_six_plus_six_AcmsteeringV09_main_2lflm_get_autoinheritance_info 00000001801539b0 f   c38_six_plus_six_AcmsteeringV09_main_2lflm.obj
 0001:00153060       sf_c38_six_plus_six_AcmsteeringV09_main_2lflm_third_party_uses_info 0000000180154060 f   c38_six_plus_six_AcmsteeringV09_main_2lflm.obj
 0001:00153090       sf_c38_six_plus_six_AcmsteeringV09_main_2lflm_updateBuildInfo_args_info 0000000180154090 f   c38_six_plus_six_AcmsteeringV09_main_2lflm.obj
 0001:001530c0       sf_internal_get_sim_state_c38_six_plus_six_AcmsteeringV09_main_2lflm 00000001801540c0 f   c38_six_plus_six_AcmsteeringV09_main_2lflm.obj
 0001:00153420       sf_internal_set_sim_state_c38_six_plus_six_AcmsteeringV09_main_2lflm 0000000180154420 f   c38_six_plus_six_AcmsteeringV09_main_2lflm.obj
 0001:001537f0       c38_six_plus_six_AcmsteeringV09_main_2lflm_method_dispatcher 00000001801547f0 f   c38_six_plus_six_AcmsteeringV09_main_2lflm.obj
 0001:00155f10       sf_c39_six_plus_six_AcmsteeringV09_main_2lflm_get_eml_resolved_functions_info 0000000180156f10 f   c39_six_plus_six_AcmsteeringV09_main_2lflm.obj
 0001:00155f90       sf_c39_six_plus_six_AcmsteeringV09_main_2lflm_get_check_sum 0000000180156f90 f   c39_six_plus_six_AcmsteeringV09_main_2lflm.obj
 0001:00156010       sf_c39_six_plus_six_AcmsteeringV09_main_2lflm_get_autoinheritance_info 0000000180157010 f   c39_six_plus_six_AcmsteeringV09_main_2lflm.obj
 0001:00156430       sf_c39_six_plus_six_AcmsteeringV09_main_2lflm_third_party_uses_info 0000000180157430 f   c39_six_plus_six_AcmsteeringV09_main_2lflm.obj
 0001:00156460       sf_c39_six_plus_six_AcmsteeringV09_main_2lflm_updateBuildInfo_args_info 0000000180157460 f   c39_six_plus_six_AcmsteeringV09_main_2lflm.obj
 0001:00156490       sf_internal_get_sim_state_c39_six_plus_six_AcmsteeringV09_main_2lflm 0000000180157490 f   c39_six_plus_six_AcmsteeringV09_main_2lflm.obj
 0001:001567f0       sf_internal_set_sim_state_c39_six_plus_six_AcmsteeringV09_main_2lflm 00000001801577f0 f   c39_six_plus_six_AcmsteeringV09_main_2lflm.obj
 0001:00156be0       c39_six_plus_six_AcmsteeringV09_main_2lflm_method_dispatcher 0000000180157be0 f   c39_six_plus_six_AcmsteeringV09_main_2lflm.obj
 0001:00158960       sf_c40_six_plus_six_AcmsteeringV09_main_2lflm_get_eml_resolved_functions_info 0000000180159960 f   c40_six_plus_six_AcmsteeringV09_main_2lflm.obj
 0001:001589e0       sf_c40_six_plus_six_AcmsteeringV09_main_2lflm_get_check_sum 00000001801599e0 f   c40_six_plus_six_AcmsteeringV09_main_2lflm.obj
 0001:00158a60       sf_c40_six_plus_six_AcmsteeringV09_main_2lflm_get_autoinheritance_info 0000000180159a60 f   c40_six_plus_six_AcmsteeringV09_main_2lflm.obj
 0001:00158e80       sf_c40_six_plus_six_AcmsteeringV09_main_2lflm_third_party_uses_info 0000000180159e80 f   c40_six_plus_six_AcmsteeringV09_main_2lflm.obj
 0001:00158eb0       sf_c40_six_plus_six_AcmsteeringV09_main_2lflm_updateBuildInfo_args_info 0000000180159eb0 f   c40_six_plus_six_AcmsteeringV09_main_2lflm.obj
 0001:00158ee0       sf_internal_get_sim_state_c40_six_plus_six_AcmsteeringV09_main_2lflm 0000000180159ee0 f   c40_six_plus_six_AcmsteeringV09_main_2lflm.obj
 0001:00159240       sf_internal_set_sim_state_c40_six_plus_six_AcmsteeringV09_main_2lflm 000000018015a240 f   c40_six_plus_six_AcmsteeringV09_main_2lflm.obj
 0001:00159630       c40_six_plus_six_AcmsteeringV09_main_2lflm_method_dispatcher 000000018015a630 f   c40_six_plus_six_AcmsteeringV09_main_2lflm.obj
 0001:0015b3b0       sf_c41_six_plus_six_AcmsteeringV09_main_2lflm_get_eml_resolved_functions_info 000000018015c3b0 f   c41_six_plus_six_AcmsteeringV09_main_2lflm.obj
 0001:0015b430       sf_c41_six_plus_six_AcmsteeringV09_main_2lflm_get_check_sum 000000018015c430 f   c41_six_plus_six_AcmsteeringV09_main_2lflm.obj
 0001:0015b4b0       sf_c41_six_plus_six_AcmsteeringV09_main_2lflm_get_autoinheritance_info 000000018015c4b0 f   c41_six_plus_six_AcmsteeringV09_main_2lflm.obj
 0001:0015b8d0       sf_c41_six_plus_six_AcmsteeringV09_main_2lflm_third_party_uses_info 000000018015c8d0 f   c41_six_plus_six_AcmsteeringV09_main_2lflm.obj
 0001:0015b900       sf_c41_six_plus_six_AcmsteeringV09_main_2lflm_updateBuildInfo_args_info 000000018015c900 f   c41_six_plus_six_AcmsteeringV09_main_2lflm.obj
 0001:0015b930       sf_internal_get_sim_state_c41_six_plus_six_AcmsteeringV09_main_2lflm 000000018015c930 f   c41_six_plus_six_AcmsteeringV09_main_2lflm.obj
 0001:0015bc90       sf_internal_set_sim_state_c41_six_plus_six_AcmsteeringV09_main_2lflm 000000018015cc90 f   c41_six_plus_six_AcmsteeringV09_main_2lflm.obj
 0001:0015c080       c41_six_plus_six_AcmsteeringV09_main_2lflm_method_dispatcher 000000018015d080 f   c41_six_plus_six_AcmsteeringV09_main_2lflm.obj
 0001:0015ddf0       sf_c42_six_plus_six_AcmsteeringV09_main_2lflm_get_eml_resolved_functions_info 000000018015edf0 f   c42_six_plus_six_AcmsteeringV09_main_2lflm.obj
 0001:0015de70       sf_c42_six_plus_six_AcmsteeringV09_main_2lflm_get_check_sum 000000018015ee70 f   c42_six_plus_six_AcmsteeringV09_main_2lflm.obj
 0001:0015def0       sf_c42_six_plus_six_AcmsteeringV09_main_2lflm_get_autoinheritance_info 000000018015eef0 f   c42_six_plus_six_AcmsteeringV09_main_2lflm.obj
 0001:0015e310       sf_c42_six_plus_six_AcmsteeringV09_main_2lflm_third_party_uses_info 000000018015f310 f   c42_six_plus_six_AcmsteeringV09_main_2lflm.obj
 0001:0015e340       sf_c42_six_plus_six_AcmsteeringV09_main_2lflm_updateBuildInfo_args_info 000000018015f340 f   c42_six_plus_six_AcmsteeringV09_main_2lflm.obj
 0001:0015e370       sf_internal_get_sim_state_c42_six_plus_six_AcmsteeringV09_main_2lflm 000000018015f370 f   c42_six_plus_six_AcmsteeringV09_main_2lflm.obj
 0001:0015e6d0       sf_internal_set_sim_state_c42_six_plus_six_AcmsteeringV09_main_2lflm 000000018015f6d0 f   c42_six_plus_six_AcmsteeringV09_main_2lflm.obj
 0001:0015eac0       c42_six_plus_six_AcmsteeringV09_main_2lflm_method_dispatcher 000000018015fac0 f   c42_six_plus_six_AcmsteeringV09_main_2lflm.obj
 0001:00160830       sf_c43_six_plus_six_AcmsteeringV09_main_2lflm_get_eml_resolved_functions_info 0000000180161830 f   c43_six_plus_six_AcmsteeringV09_main_2lflm.obj
 0001:001608b0       sf_c43_six_plus_six_AcmsteeringV09_main_2lflm_get_check_sum 00000001801618b0 f   c43_six_plus_six_AcmsteeringV09_main_2lflm.obj
 0001:00160930       sf_c43_six_plus_six_AcmsteeringV09_main_2lflm_get_autoinheritance_info 0000000180161930 f   c43_six_plus_six_AcmsteeringV09_main_2lflm.obj
 0001:00160d50       sf_c43_six_plus_six_AcmsteeringV09_main_2lflm_third_party_uses_info 0000000180161d50 f   c43_six_plus_six_AcmsteeringV09_main_2lflm.obj
 0001:00160d80       sf_c43_six_plus_six_AcmsteeringV09_main_2lflm_updateBuildInfo_args_info 0000000180161d80 f   c43_six_plus_six_AcmsteeringV09_main_2lflm.obj
 0001:00160db0       sf_internal_get_sim_state_c43_six_plus_six_AcmsteeringV09_main_2lflm 0000000180161db0 f   c43_six_plus_six_AcmsteeringV09_main_2lflm.obj
 0001:00161110       sf_internal_set_sim_state_c43_six_plus_six_AcmsteeringV09_main_2lflm 0000000180162110 f   c43_six_plus_six_AcmsteeringV09_main_2lflm.obj
 0001:00161500       c43_six_plus_six_AcmsteeringV09_main_2lflm_method_dispatcher 0000000180162500 f   c43_six_plus_six_AcmsteeringV09_main_2lflm.obj
 0001:00163270       sf_c44_six_plus_six_AcmsteeringV09_main_2lflm_get_eml_resolved_functions_info 0000000180164270 f   c44_six_plus_six_AcmsteeringV09_main_2lflm.obj
 0001:001632f0       sf_c44_six_plus_six_AcmsteeringV09_main_2lflm_get_check_sum 00000001801642f0 f   c44_six_plus_six_AcmsteeringV09_main_2lflm.obj
 0001:00163370       sf_c44_six_plus_six_AcmsteeringV09_main_2lflm_get_autoinheritance_info 0000000180164370 f   c44_six_plus_six_AcmsteeringV09_main_2lflm.obj
 0001:00163a20       sf_c44_six_plus_six_AcmsteeringV09_main_2lflm_third_party_uses_info 0000000180164a20 f   c44_six_plus_six_AcmsteeringV09_main_2lflm.obj
 0001:00163a50       sf_c44_six_plus_six_AcmsteeringV09_main_2lflm_updateBuildInfo_args_info 0000000180164a50 f   c44_six_plus_six_AcmsteeringV09_main_2lflm.obj
 0001:00163a80       sf_internal_get_sim_state_c44_six_plus_six_AcmsteeringV09_main_2lflm 0000000180164a80 f   c44_six_plus_six_AcmsteeringV09_main_2lflm.obj
 0001:00163de0       sf_internal_set_sim_state_c44_six_plus_six_AcmsteeringV09_main_2lflm 0000000180164de0 f   c44_six_plus_six_AcmsteeringV09_main_2lflm.obj
 0001:001641b0       c44_six_plus_six_AcmsteeringV09_main_2lflm_method_dispatcher 00000001801651b0 f   c44_six_plus_six_AcmsteeringV09_main_2lflm.obj
 0001:001668c0       sf_c45_six_plus_six_AcmsteeringV09_main_2lflm_get_eml_resolved_functions_info 00000001801678c0 f   c45_six_plus_six_AcmsteeringV09_main_2lflm.obj
 0001:0016a710       sf_c45_six_plus_six_AcmsteeringV09_main_2lflm_get_check_sum 000000018016b710 f   c45_six_plus_six_AcmsteeringV09_main_2lflm.obj
 0001:0016a790       sf_c45_six_plus_six_AcmsteeringV09_main_2lflm_get_autoinheritance_info 000000018016b790 f   c45_six_plus_six_AcmsteeringV09_main_2lflm.obj
 0001:0016de90       sf_c45_six_plus_six_AcmsteeringV09_main_2lflm_third_party_uses_info 000000018016ee90 f   c45_six_plus_six_AcmsteeringV09_main_2lflm.obj
 0001:0016dec0       sf_c45_six_plus_six_AcmsteeringV09_main_2lflm_updateBuildInfo_args_info 000000018016eec0 f   c45_six_plus_six_AcmsteeringV09_main_2lflm.obj
 0001:0016def0       sf_internal_get_sim_state_c45_six_plus_six_AcmsteeringV09_main_2lflm 000000018016eef0 f   c45_six_plus_six_AcmsteeringV09_main_2lflm.obj
 0001:0016e7b0       sf_internal_set_sim_state_c45_six_plus_six_AcmsteeringV09_main_2lflm 000000018016f7b0 f   c45_six_plus_six_AcmsteeringV09_main_2lflm.obj
 0001:0016ee00       c45_six_plus_six_AcmsteeringV09_main_2lflm_method_dispatcher 000000018016fe00 f   c45_six_plus_six_AcmsteeringV09_main_2lflm.obj
 0001:0017a6c0       sf_c46_six_plus_six_AcmsteeringV09_main_2lflm_get_eml_resolved_functions_info 000000018017b6c0 f   c46_six_plus_six_AcmsteeringV09_main_2lflm.obj
 0001:0017a740       sf_c46_six_plus_six_AcmsteeringV09_main_2lflm_get_check_sum 000000018017b740 f   c46_six_plus_six_AcmsteeringV09_main_2lflm.obj
 0001:0017a7c0       sf_c46_six_plus_six_AcmsteeringV09_main_2lflm_get_autoinheritance_info 000000018017b7c0 f   c46_six_plus_six_AcmsteeringV09_main_2lflm.obj
 0001:0017abe0       sf_c46_six_plus_six_AcmsteeringV09_main_2lflm_third_party_uses_info 000000018017bbe0 f   c46_six_plus_six_AcmsteeringV09_main_2lflm.obj
 0001:0017ac10       sf_c46_six_plus_six_AcmsteeringV09_main_2lflm_updateBuildInfo_args_info 000000018017bc10 f   c46_six_plus_six_AcmsteeringV09_main_2lflm.obj
 0001:0017ac40       sf_internal_get_sim_state_c46_six_plus_six_AcmsteeringV09_main_2lflm 000000018017bc40 f   c46_six_plus_six_AcmsteeringV09_main_2lflm.obj
 0001:0017afa0       sf_internal_set_sim_state_c46_six_plus_six_AcmsteeringV09_main_2lflm 000000018017bfa0 f   c46_six_plus_six_AcmsteeringV09_main_2lflm.obj
 0001:0017b390       c46_six_plus_six_AcmsteeringV09_main_2lflm_method_dispatcher 000000018017c390 f   c46_six_plus_six_AcmsteeringV09_main_2lflm.obj
 0001:0017d100       sf_c47_six_plus_six_AcmsteeringV09_main_2lflm_get_eml_resolved_functions_info 000000018017e100 f   c47_six_plus_six_AcmsteeringV09_main_2lflm.obj
 0001:0017d180       sf_c47_six_plus_six_AcmsteeringV09_main_2lflm_get_check_sum 000000018017e180 f   c47_six_plus_six_AcmsteeringV09_main_2lflm.obj
 0001:0017d200       sf_c47_six_plus_six_AcmsteeringV09_main_2lflm_get_autoinheritance_info 000000018017e200 f   c47_six_plus_six_AcmsteeringV09_main_2lflm.obj
 0001:0017d620       sf_c47_six_plus_six_AcmsteeringV09_main_2lflm_third_party_uses_info 000000018017e620 f   c47_six_plus_six_AcmsteeringV09_main_2lflm.obj
 0001:0017d650       sf_c47_six_plus_six_AcmsteeringV09_main_2lflm_updateBuildInfo_args_info 000000018017e650 f   c47_six_plus_six_AcmsteeringV09_main_2lflm.obj
 0001:0017d680       sf_internal_get_sim_state_c47_six_plus_six_AcmsteeringV09_main_2lflm 000000018017e680 f   c47_six_plus_six_AcmsteeringV09_main_2lflm.obj
 0001:0017d9e0       sf_internal_set_sim_state_c47_six_plus_six_AcmsteeringV09_main_2lflm 000000018017e9e0 f   c47_six_plus_six_AcmsteeringV09_main_2lflm.obj
 0001:0017ddd0       c47_six_plus_six_AcmsteeringV09_main_2lflm_method_dispatcher 000000018017edd0 f   c47_six_plus_six_AcmsteeringV09_main_2lflm.obj
 0001:0017fb40       sf_c48_six_plus_six_AcmsteeringV09_main_2lflm_get_eml_resolved_functions_info 0000000180180b40 f   c48_six_plus_six_AcmsteeringV09_main_2lflm.obj
 0001:0017fbc0       sf_c48_six_plus_six_AcmsteeringV09_main_2lflm_get_check_sum 0000000180180bc0 f   c48_six_plus_six_AcmsteeringV09_main_2lflm.obj
 0001:0017fc40       sf_c48_six_plus_six_AcmsteeringV09_main_2lflm_get_autoinheritance_info 0000000180180c40 f   c48_six_plus_six_AcmsteeringV09_main_2lflm.obj
 0001:00180060       sf_c48_six_plus_six_AcmsteeringV09_main_2lflm_third_party_uses_info 0000000180181060 f   c48_six_plus_six_AcmsteeringV09_main_2lflm.obj
 0001:00180090       sf_c48_six_plus_six_AcmsteeringV09_main_2lflm_updateBuildInfo_args_info 0000000180181090 f   c48_six_plus_six_AcmsteeringV09_main_2lflm.obj
 0001:001800c0       sf_internal_get_sim_state_c48_six_plus_six_AcmsteeringV09_main_2lflm 00000001801810c0 f   c48_six_plus_six_AcmsteeringV09_main_2lflm.obj
 0001:00180420       sf_internal_set_sim_state_c48_six_plus_six_AcmsteeringV09_main_2lflm 0000000180181420 f   c48_six_plus_six_AcmsteeringV09_main_2lflm.obj
 0001:00180810       c48_six_plus_six_AcmsteeringV09_main_2lflm_method_dispatcher 0000000180181810 f   c48_six_plus_six_AcmsteeringV09_main_2lflm.obj
 0001:00182590       sf_c49_six_plus_six_AcmsteeringV09_main_2lflm_get_eml_resolved_functions_info 0000000180183590 f   c49_six_plus_six_AcmsteeringV09_main_2lflm.obj
 0001:00185c90       sf_c49_six_plus_six_AcmsteeringV09_main_2lflm_get_check_sum 0000000180186c90 f   c49_six_plus_six_AcmsteeringV09_main_2lflm.obj
 0001:00185d10       sf_c49_six_plus_six_AcmsteeringV09_main_2lflm_get_autoinheritance_info 0000000180186d10 f   c49_six_plus_six_AcmsteeringV09_main_2lflm.obj
 0001:00188120       sf_c49_six_plus_six_AcmsteeringV09_main_2lflm_third_party_uses_info 0000000180189120 f   c49_six_plus_six_AcmsteeringV09_main_2lflm.obj
 0001:00188150       sf_c49_six_plus_six_AcmsteeringV09_main_2lflm_updateBuildInfo_args_info 0000000180189150 f   c49_six_plus_six_AcmsteeringV09_main_2lflm.obj
 0001:00188180       sf_internal_get_sim_state_c49_six_plus_six_AcmsteeringV09_main_2lflm 0000000180189180 f   c49_six_plus_six_AcmsteeringV09_main_2lflm.obj
 0001:00188b10       sf_internal_set_sim_state_c49_six_plus_six_AcmsteeringV09_main_2lflm 0000000180189b10 f   c49_six_plus_six_AcmsteeringV09_main_2lflm.obj
 0001:001892c0       c49_six_plus_six_AcmsteeringV09_main_2lflm_method_dispatcher 000000018018a2c0 f   c49_six_plus_six_AcmsteeringV09_main_2lflm.obj
 0001:00190610       sf_c50_six_plus_six_AcmsteeringV09_main_2lflm_get_eml_resolved_functions_info 0000000180191610 f   c50_six_plus_six_AcmsteeringV09_main_2lflm.obj
 0001:00190690       sf_c50_six_plus_six_AcmsteeringV09_main_2lflm_get_check_sum 0000000180191690 f   c50_six_plus_six_AcmsteeringV09_main_2lflm.obj
 0001:00190710       sf_c50_six_plus_six_AcmsteeringV09_main_2lflm_get_autoinheritance_info 0000000180191710 f   c50_six_plus_six_AcmsteeringV09_main_2lflm.obj
 0001:00190b30       sf_c50_six_plus_six_AcmsteeringV09_main_2lflm_third_party_uses_info 0000000180191b30 f   c50_six_plus_six_AcmsteeringV09_main_2lflm.obj
 0001:00190b60       sf_c50_six_plus_six_AcmsteeringV09_main_2lflm_updateBuildInfo_args_info 0000000180191b60 f   c50_six_plus_six_AcmsteeringV09_main_2lflm.obj
 0001:00190b90       sf_internal_get_sim_state_c50_six_plus_six_AcmsteeringV09_main_2lflm 0000000180191b90 f   c50_six_plus_six_AcmsteeringV09_main_2lflm.obj
 0001:00190ef0       sf_internal_set_sim_state_c50_six_plus_six_AcmsteeringV09_main_2lflm 0000000180191ef0 f   c50_six_plus_six_AcmsteeringV09_main_2lflm.obj
 0001:001912e0       c50_six_plus_six_AcmsteeringV09_main_2lflm_method_dispatcher 00000001801922e0 f   c50_six_plus_six_AcmsteeringV09_main_2lflm.obj
 0001:00193050       sf_c51_six_plus_six_AcmsteeringV09_main_2lflm_get_eml_resolved_functions_info 0000000180194050 f   c51_six_plus_six_AcmsteeringV09_main_2lflm.obj
 0001:001930d0       sf_c51_six_plus_six_AcmsteeringV09_main_2lflm_get_check_sum 00000001801940d0 f   c51_six_plus_six_AcmsteeringV09_main_2lflm.obj
 0001:00193150       sf_c51_six_plus_six_AcmsteeringV09_main_2lflm_get_autoinheritance_info 0000000180194150 f   c51_six_plus_six_AcmsteeringV09_main_2lflm.obj
 0001:00193570       sf_c51_six_plus_six_AcmsteeringV09_main_2lflm_third_party_uses_info 0000000180194570 f   c51_six_plus_six_AcmsteeringV09_main_2lflm.obj
 0001:001935a0       sf_c51_six_plus_six_AcmsteeringV09_main_2lflm_updateBuildInfo_args_info 00000001801945a0 f   c51_six_plus_six_AcmsteeringV09_main_2lflm.obj
 0001:001935d0       sf_internal_get_sim_state_c51_six_plus_six_AcmsteeringV09_main_2lflm 00000001801945d0 f   c51_six_plus_six_AcmsteeringV09_main_2lflm.obj
 0001:00193930       sf_internal_set_sim_state_c51_six_plus_six_AcmsteeringV09_main_2lflm 0000000180194930 f   c51_six_plus_six_AcmsteeringV09_main_2lflm.obj
 0001:00193d20       c51_six_plus_six_AcmsteeringV09_main_2lflm_method_dispatcher 0000000180194d20 f   c51_six_plus_six_AcmsteeringV09_main_2lflm.obj
 0001:00195a90       sf_c52_six_plus_six_AcmsteeringV09_main_2lflm_get_eml_resolved_functions_info 0000000180196a90 f   c52_six_plus_six_AcmsteeringV09_main_2lflm.obj
 0001:00195b10       sf_c52_six_plus_six_AcmsteeringV09_main_2lflm_get_check_sum 0000000180196b10 f   c52_six_plus_six_AcmsteeringV09_main_2lflm.obj
 0001:00195b90       sf_c52_six_plus_six_AcmsteeringV09_main_2lflm_get_autoinheritance_info 0000000180196b90 f   c52_six_plus_six_AcmsteeringV09_main_2lflm.obj
 0001:00195fb0       sf_c52_six_plus_six_AcmsteeringV09_main_2lflm_third_party_uses_info 0000000180196fb0 f   c52_six_plus_six_AcmsteeringV09_main_2lflm.obj
 0001:00195fe0       sf_c52_six_plus_six_AcmsteeringV09_main_2lflm_updateBuildInfo_args_info 0000000180196fe0 f   c52_six_plus_six_AcmsteeringV09_main_2lflm.obj
 0001:00196010       sf_internal_get_sim_state_c52_six_plus_six_AcmsteeringV09_main_2lflm 0000000180197010 f   c52_six_plus_six_AcmsteeringV09_main_2lflm.obj
 0001:00196370       sf_internal_set_sim_state_c52_six_plus_six_AcmsteeringV09_main_2lflm 0000000180197370 f   c52_six_plus_six_AcmsteeringV09_main_2lflm.obj
 0001:00196760       c52_six_plus_six_AcmsteeringV09_main_2lflm_method_dispatcher 0000000180197760 f   c52_six_plus_six_AcmsteeringV09_main_2lflm.obj
 0001:001984e0       sf_c53_six_plus_six_AcmsteeringV09_main_2lflm_get_eml_resolved_functions_info 00000001801994e0 f   c53_six_plus_six_AcmsteeringV09_main_2lflm.obj
 0001:00198560       sf_c53_six_plus_six_AcmsteeringV09_main_2lflm_get_check_sum 0000000180199560 f   c53_six_plus_six_AcmsteeringV09_main_2lflm.obj
 0001:001985e0       sf_c53_six_plus_six_AcmsteeringV09_main_2lflm_get_autoinheritance_info 00000001801995e0 f   c53_six_plus_six_AcmsteeringV09_main_2lflm.obj
 0001:00198a00       sf_c53_six_plus_six_AcmsteeringV09_main_2lflm_third_party_uses_info 0000000180199a00 f   c53_six_plus_six_AcmsteeringV09_main_2lflm.obj
 0001:00198a30       sf_c53_six_plus_six_AcmsteeringV09_main_2lflm_updateBuildInfo_args_info 0000000180199a30 f   c53_six_plus_six_AcmsteeringV09_main_2lflm.obj
 0001:00198a60       sf_internal_get_sim_state_c53_six_plus_six_AcmsteeringV09_main_2lflm 0000000180199a60 f   c53_six_plus_six_AcmsteeringV09_main_2lflm.obj
 0001:00198dc0       sf_internal_set_sim_state_c53_six_plus_six_AcmsteeringV09_main_2lflm 0000000180199dc0 f   c53_six_plus_six_AcmsteeringV09_main_2lflm.obj
 0001:001991b0       c53_six_plus_six_AcmsteeringV09_main_2lflm_method_dispatcher 000000018019a1b0 f   c53_six_plus_six_AcmsteeringV09_main_2lflm.obj
 0001:0019af20       sf_c54_six_plus_six_AcmsteeringV09_main_2lflm_get_eml_resolved_functions_info 000000018019bf20 f   c54_six_plus_six_AcmsteeringV09_main_2lflm.obj
 0001:0019afa0       sf_c54_six_plus_six_AcmsteeringV09_main_2lflm_get_check_sum 000000018019bfa0 f   c54_six_plus_six_AcmsteeringV09_main_2lflm.obj
 0001:0019b020       sf_c54_six_plus_six_AcmsteeringV09_main_2lflm_get_autoinheritance_info 000000018019c020 f   c54_six_plus_six_AcmsteeringV09_main_2lflm.obj
 0001:0019b440       sf_c54_six_plus_six_AcmsteeringV09_main_2lflm_third_party_uses_info 000000018019c440 f   c54_six_plus_six_AcmsteeringV09_main_2lflm.obj
 0001:0019b470       sf_c54_six_plus_six_AcmsteeringV09_main_2lflm_updateBuildInfo_args_info 000000018019c470 f   c54_six_plus_six_AcmsteeringV09_main_2lflm.obj
 0001:0019b4a0       sf_internal_get_sim_state_c54_six_plus_six_AcmsteeringV09_main_2lflm 000000018019c4a0 f   c54_six_plus_six_AcmsteeringV09_main_2lflm.obj
 0001:0019b800       sf_internal_set_sim_state_c54_six_plus_six_AcmsteeringV09_main_2lflm 000000018019c800 f   c54_six_plus_six_AcmsteeringV09_main_2lflm.obj
 0001:0019bbf0       c54_six_plus_six_AcmsteeringV09_main_2lflm_method_dispatcher 000000018019cbf0 f   c54_six_plus_six_AcmsteeringV09_main_2lflm.obj
 0001:0019d960       sf_c55_six_plus_six_AcmsteeringV09_main_2lflm_get_eml_resolved_functions_info 000000018019e960 f   c55_six_plus_six_AcmsteeringV09_main_2lflm.obj
 0001:0019d9e0       sf_c55_six_plus_six_AcmsteeringV09_main_2lflm_get_check_sum 000000018019e9e0 f   c55_six_plus_six_AcmsteeringV09_main_2lflm.obj
 0001:0019da60       sf_c55_six_plus_six_AcmsteeringV09_main_2lflm_get_autoinheritance_info 000000018019ea60 f   c55_six_plus_six_AcmsteeringV09_main_2lflm.obj
 0001:0019de80       sf_c55_six_plus_six_AcmsteeringV09_main_2lflm_third_party_uses_info 000000018019ee80 f   c55_six_plus_six_AcmsteeringV09_main_2lflm.obj
 0001:0019deb0       sf_c55_six_plus_six_AcmsteeringV09_main_2lflm_updateBuildInfo_args_info 000000018019eeb0 f   c55_six_plus_six_AcmsteeringV09_main_2lflm.obj
 0001:0019dee0       sf_internal_get_sim_state_c55_six_plus_six_AcmsteeringV09_main_2lflm 000000018019eee0 f   c55_six_plus_six_AcmsteeringV09_main_2lflm.obj
 0001:0019e240       sf_internal_set_sim_state_c55_six_plus_six_AcmsteeringV09_main_2lflm 000000018019f240 f   c55_six_plus_six_AcmsteeringV09_main_2lflm.obj
 0001:0019e630       c55_six_plus_six_AcmsteeringV09_main_2lflm_method_dispatcher 000000018019f630 f   c55_six_plus_six_AcmsteeringV09_main_2lflm.obj
 0001:001a03a0       sf_c56_six_plus_six_AcmsteeringV09_main_2lflm_get_eml_resolved_functions_info 00000001801a13a0 f   c56_six_plus_six_AcmsteeringV09_main_2lflm.obj
 0001:001a0420       sf_c56_six_plus_six_AcmsteeringV09_main_2lflm_get_check_sum 00000001801a1420 f   c56_six_plus_six_AcmsteeringV09_main_2lflm.obj
 0001:001a04a0       sf_c56_six_plus_six_AcmsteeringV09_main_2lflm_get_autoinheritance_info 00000001801a14a0 f   c56_six_plus_six_AcmsteeringV09_main_2lflm.obj
 0001:001a08c0       sf_c56_six_plus_six_AcmsteeringV09_main_2lflm_third_party_uses_info 00000001801a18c0 f   c56_six_plus_six_AcmsteeringV09_main_2lflm.obj
 0001:001a08f0       sf_c56_six_plus_six_AcmsteeringV09_main_2lflm_updateBuildInfo_args_info 00000001801a18f0 f   c56_six_plus_six_AcmsteeringV09_main_2lflm.obj
 0001:001a0920       sf_internal_get_sim_state_c56_six_plus_six_AcmsteeringV09_main_2lflm 00000001801a1920 f   c56_six_plus_six_AcmsteeringV09_main_2lflm.obj
 0001:001a0c80       sf_internal_set_sim_state_c56_six_plus_six_AcmsteeringV09_main_2lflm 00000001801a1c80 f   c56_six_plus_six_AcmsteeringV09_main_2lflm.obj
 0001:001a1070       c56_six_plus_six_AcmsteeringV09_main_2lflm_method_dispatcher 00000001801a2070 f   c56_six_plus_six_AcmsteeringV09_main_2lflm.obj
 0001:001a2de0       sf_c57_six_plus_six_AcmsteeringV09_main_2lflm_get_eml_resolved_functions_info 00000001801a3de0 f   c57_six_plus_six_AcmsteeringV09_main_2lflm.obj
 0001:001a2e60       sf_c57_six_plus_six_AcmsteeringV09_main_2lflm_get_check_sum 00000001801a3e60 f   c57_six_plus_six_AcmsteeringV09_main_2lflm.obj
 0001:001a2ee0       sf_c57_six_plus_six_AcmsteeringV09_main_2lflm_get_autoinheritance_info 00000001801a3ee0 f   c57_six_plus_six_AcmsteeringV09_main_2lflm.obj
 0001:001a3300       sf_c57_six_plus_six_AcmsteeringV09_main_2lflm_third_party_uses_info 00000001801a4300 f   c57_six_plus_six_AcmsteeringV09_main_2lflm.obj
 0001:001a3330       sf_c57_six_plus_six_AcmsteeringV09_main_2lflm_updateBuildInfo_args_info 00000001801a4330 f   c57_six_plus_six_AcmsteeringV09_main_2lflm.obj
 0001:001a3360       sf_internal_get_sim_state_c57_six_plus_six_AcmsteeringV09_main_2lflm 00000001801a4360 f   c57_six_plus_six_AcmsteeringV09_main_2lflm.obj
 0001:001a36c0       sf_internal_set_sim_state_c57_six_plus_six_AcmsteeringV09_main_2lflm 00000001801a46c0 f   c57_six_plus_six_AcmsteeringV09_main_2lflm.obj
 0001:001a3ab0       c57_six_plus_six_AcmsteeringV09_main_2lflm_method_dispatcher 00000001801a4ab0 f   c57_six_plus_six_AcmsteeringV09_main_2lflm.obj
 0001:001a5820       sf_c58_six_plus_six_AcmsteeringV09_main_2lflm_get_eml_resolved_functions_info 00000001801a6820 f   c58_six_plus_six_AcmsteeringV09_main_2lflm.obj
 0001:001a58a0       sf_c58_six_plus_six_AcmsteeringV09_main_2lflm_get_check_sum 00000001801a68a0 f   c58_six_plus_six_AcmsteeringV09_main_2lflm.obj
 0001:001a5920       sf_c58_six_plus_six_AcmsteeringV09_main_2lflm_get_autoinheritance_info 00000001801a6920 f   c58_six_plus_six_AcmsteeringV09_main_2lflm.obj
 0001:001a5d40       sf_c58_six_plus_six_AcmsteeringV09_main_2lflm_third_party_uses_info 00000001801a6d40 f   c58_six_plus_six_AcmsteeringV09_main_2lflm.obj
 0001:001a5d70       sf_c58_six_plus_six_AcmsteeringV09_main_2lflm_updateBuildInfo_args_info 00000001801a6d70 f   c58_six_plus_six_AcmsteeringV09_main_2lflm.obj
 0001:001a5da0       sf_internal_get_sim_state_c58_six_plus_six_AcmsteeringV09_main_2lflm 00000001801a6da0 f   c58_six_plus_six_AcmsteeringV09_main_2lflm.obj
 0001:001a6100       sf_internal_set_sim_state_c58_six_plus_six_AcmsteeringV09_main_2lflm 00000001801a7100 f   c58_six_plus_six_AcmsteeringV09_main_2lflm.obj
 0001:001a64f0       c58_six_plus_six_AcmsteeringV09_main_2lflm_method_dispatcher 00000001801a74f0 f   c58_six_plus_six_AcmsteeringV09_main_2lflm.obj
 0001:001a8250       sf_c59_six_plus_six_AcmsteeringV09_main_2lflm_get_eml_resolved_functions_info 00000001801a9250 f   c59_six_plus_six_AcmsteeringV09_main_2lflm.obj
 0001:001a82d0       sf_c59_six_plus_six_AcmsteeringV09_main_2lflm_get_check_sum 00000001801a92d0 f   c59_six_plus_six_AcmsteeringV09_main_2lflm.obj
 0001:001a8350       sf_c59_six_plus_six_AcmsteeringV09_main_2lflm_get_autoinheritance_info 00000001801a9350 f   c59_six_plus_six_AcmsteeringV09_main_2lflm.obj
 0001:001a8770       sf_c59_six_plus_six_AcmsteeringV09_main_2lflm_third_party_uses_info 00000001801a9770 f   c59_six_plus_six_AcmsteeringV09_main_2lflm.obj
 0001:001a87a0       sf_c59_six_plus_six_AcmsteeringV09_main_2lflm_updateBuildInfo_args_info 00000001801a97a0 f   c59_six_plus_six_AcmsteeringV09_main_2lflm.obj
 0001:001a87d0       sf_internal_get_sim_state_c59_six_plus_six_AcmsteeringV09_main_2lflm 00000001801a97d0 f   c59_six_plus_six_AcmsteeringV09_main_2lflm.obj
 0001:001a8b30       sf_internal_set_sim_state_c59_six_plus_six_AcmsteeringV09_main_2lflm 00000001801a9b30 f   c59_six_plus_six_AcmsteeringV09_main_2lflm.obj
 0001:001a8f20       c59_six_plus_six_AcmsteeringV09_main_2lflm_method_dispatcher 00000001801a9f20 f   c59_six_plus_six_AcmsteeringV09_main_2lflm.obj
 0001:001aac90       sf_c60_six_plus_six_AcmsteeringV09_main_2lflm_get_eml_resolved_functions_info 00000001801abc90 f   c60_six_plus_six_AcmsteeringV09_main_2lflm.obj
 0001:001aad10       sf_c60_six_plus_six_AcmsteeringV09_main_2lflm_get_check_sum 00000001801abd10 f   c60_six_plus_six_AcmsteeringV09_main_2lflm.obj
 0001:001aad90       sf_c60_six_plus_six_AcmsteeringV09_main_2lflm_get_autoinheritance_info 00000001801abd90 f   c60_six_plus_six_AcmsteeringV09_main_2lflm.obj
 0001:001ab1b0       sf_c60_six_plus_six_AcmsteeringV09_main_2lflm_third_party_uses_info 00000001801ac1b0 f   c60_six_plus_six_AcmsteeringV09_main_2lflm.obj
 0001:001ab1e0       sf_c60_six_plus_six_AcmsteeringV09_main_2lflm_updateBuildInfo_args_info 00000001801ac1e0 f   c60_six_plus_six_AcmsteeringV09_main_2lflm.obj
 0001:001ab210       sf_internal_get_sim_state_c60_six_plus_six_AcmsteeringV09_main_2lflm 00000001801ac210 f   c60_six_plus_six_AcmsteeringV09_main_2lflm.obj
 0001:001ab580       sf_internal_set_sim_state_c60_six_plus_six_AcmsteeringV09_main_2lflm 00000001801ac580 f   c60_six_plus_six_AcmsteeringV09_main_2lflm.obj
 0001:001ab970       c60_six_plus_six_AcmsteeringV09_main_2lflm_method_dispatcher 00000001801ac970 f   c60_six_plus_six_AcmsteeringV09_main_2lflm.obj
 0001:001ad500       sf_c61_six_plus_six_AcmsteeringV09_main_2lflm_get_eml_resolved_functions_info 00000001801ae500 f   c61_six_plus_six_AcmsteeringV09_main_2lflm.obj
 0001:001ad580       sf_c61_six_plus_six_AcmsteeringV09_main_2lflm_get_check_sum 00000001801ae580 f   c61_six_plus_six_AcmsteeringV09_main_2lflm.obj
 0001:001ad600       sf_c61_six_plus_six_AcmsteeringV09_main_2lflm_get_autoinheritance_info 00000001801ae600 f   c61_six_plus_six_AcmsteeringV09_main_2lflm.obj
 0001:001ada20       sf_c61_six_plus_six_AcmsteeringV09_main_2lflm_third_party_uses_info 00000001801aea20 f   c61_six_plus_six_AcmsteeringV09_main_2lflm.obj
 0001:001ada50       sf_c61_six_plus_six_AcmsteeringV09_main_2lflm_updateBuildInfo_args_info 00000001801aea50 f   c61_six_plus_six_AcmsteeringV09_main_2lflm.obj
 0001:001ada80       sf_internal_get_sim_state_c61_six_plus_six_AcmsteeringV09_main_2lflm 00000001801aea80 f   c61_six_plus_six_AcmsteeringV09_main_2lflm.obj
[...]
 0001:0037f120       initSimStructsc187_six_plus_six_AcmsteeringV09_main_2lflm 0000000180380120 f   c187_six_plus_six_AcmsteeringV09_main_2lflm.obj
 0001:0037f130       mdlRTW_c187_six_plus_six_AcmsteeringV09_main_2lflm 0000000180380130 f   c187_six_plus_six_AcmsteeringV09_main_2lflm.obj
 0001:0037f7f0       get_sim_state_c188_six_plus_six_AcmsteeringV09_main_2lflm 00000001803807f0 f   c188_six_plus_six_AcmsteeringV09_main_2lflm.obj
 0001:0037f990       sf_get_sim_state_info_c188_six_plus_six_AcmsteeringV09_main_2lflm 0000000180380990 f   c188_six_plus_six_AcmsteeringV09_main_2lflm.obj
 0001:0037fb60       set_sim_state_c188_six_plus_six_AcmsteeringV09_main_2lflm 0000000180380b60 f   c188_six_plus_six_AcmsteeringV09_main_2lflm.obj
 0001:0037fc40       c188_update_debugger_state_c188_six_plus_six_AcmsteeringV09_main 0000000180380c40 f   c188_six_plus_six_AcmsteeringV09_main_2lflm.obj
 0001:0037fc50       c188_emlrt_marshallIn      0000000180380c50 f   c188_six_plus_six_AcmsteeringV09_main_2lflm.obj
 0001:0037fcc0       c188_b_emlrt_marshallIn    0000000180380cc0 f   c188_six_plus_six_AcmsteeringV09_main_2lflm.obj
 0001:0037fd50       c188_e_emlrt_marshallIn    0000000180380d50 f   c188_six_plus_six_AcmsteeringV09_main_2lflm.obj
 0001:0037fdb0       c188_f_emlrt_marshallIn    0000000180380db0 f   c188_six_plus_six_AcmsteeringV09_main_2lflm.obj
 0001:0037feb0       mdlProcessParameters_c188_six_plus_six_AcmsteeringV09_main_2lflm 0000000180380eb0 f   c188_six_plus_six_AcmsteeringV09_main_2lflm.obj
 0001:0037ff90       initialize_params_c188_six_plus_six_AcmsteeringV09_main_2lflm 0000000180380f90 f   c188_six_plus_six_AcmsteeringV09_main_2lflm.obj
 0001:0037ffa0       mdlSetWorkWidths_c188_six_plus_six_AcmsteeringV09_main_2lflm 0000000180380fa0 f   c188_six_plus_six_AcmsteeringV09_main_2lflm.obj
 0001:00380470       sf_get_instance_specialization 0000000180381470 f   c188_six_plus_six_AcmsteeringV09_main_2lflm.obj
 0001:00380480       mdlStart_c188_six_plus_six_AcmsteeringV09_main_2lflm 0000000180381480 f   c188_six_plus_six_AcmsteeringV09_main_2lflm.obj
 0001:003806b0       init_dsm_address_info      00000001803816b0 f   c188_six_plus_six_AcmsteeringV09_main_2lflm.obj
 0001:003806c0       chart_debug_initialization 00000001803816c0 f   c188_six_plus_six_AcmsteeringV09_main_2lflm.obj
 0001:00380e70       init_script_number_translation 0000000180381e70 f   c188_six_plus_six_AcmsteeringV09_main_2lflm.obj
 0001:00380e90       c188_sf_marshallOut        0000000180381e90 f   c188_six_plus_six_AcmsteeringV09_main_2lflm.obj
 0001:00380f50       c188_sf_marshallIn         0000000180381f50 f   c188_six_plus_six_AcmsteeringV09_main_2lflm.obj
 0001:00380ff0       sf_opaque_initialize_c188_six_plus_six_AcmsteeringV09_main_2lflm 0000000180381ff0 f   c188_six_plus_six_AcmsteeringV09_main_2lflm.obj
 0001:00381030       initialize_c188_six_plus_six_AcmsteeringV09_main_2lflm 0000000180382030 f   c188_six_plus_six_AcmsteeringV09_main_2lflm.obj
 0001:00381080       sf_opaque_enable_c188_six_plus_six_AcmsteeringV09_main_2lflm 0000000180382080 f   c188_six_plus_six_AcmsteeringV09_main_2lflm.obj
 0001:003810a0       enable_c188_six_plus_six_AcmsteeringV09_main_2lflm 00000001803820a0 f   c188_six_plus_six_AcmsteeringV09_main_2lflm.obj
 0001:003810d0       sf_opaque_disable_c188_six_plus_six_AcmsteeringV09_main_2lflm 00000001803820d0 f   c188_six_plus_six_AcmsteeringV09_main_2lflm.obj
 0001:003810f0       disable_c188_six_plus_six_AcmsteeringV09_main_2lflm 00000001803820f0 f   c188_six_plus_six_AcmsteeringV09_main_2lflm.obj
 0001:00381120       sf_opaque_gateway_c188_six_plus_six_AcmsteeringV09_main_2lflm 0000000180382120 f   c188_six_plus_six_AcmsteeringV09_main_2lflm.obj
 0001:00381140       sf_gateway_c188_six_plus_six_AcmsteeringV09_main_2lflm 0000000180382140 f   c188_six_plus_six_AcmsteeringV09_main_2lflm.obj
 0001:00381860       c188_b_sf_marshallOut      0000000180382860 f   c188_six_plus_six_AcmsteeringV09_main_2lflm.obj
 0001:00381910       c188_b_sf_marshallIn       0000000180382910 f   c188_six_plus_six_AcmsteeringV09_main_2lflm.obj
 0001:003819b0       c188_c_emlrt_marshallIn    00000001803829b0 f   c188_six_plus_six_AcmsteeringV09_main_2lflm.obj
 0001:00381a40       sf_opaque_get_sim_state_c188_six_plus_six_AcmsteeringV09_main_2lflm 0000000180382a40 f   c188_six_plus_six_AcmsteeringV09_main_2lflm.obj
 0001:00381a60       sf_opaque_set_sim_state_c188_six_plus_six_AcmsteeringV09_main_2lflm 0000000180382a60 f   c188_six_plus_six_AcmsteeringV09_main_2lflm.obj
 0001:00381a90       sf_opaque_terminate_c188_six_plus_six_AcmsteeringV09_main_2lflm 0000000180382a90 f   c188_six_plus_six_AcmsteeringV09_main_2lflm.obj
 0001:00381b30       finalize_c188_six_plus_six_AcmsteeringV09_main_2lflm 0000000180382b30 f   c188_six_plus_six_AcmsteeringV09_main_2lflm.obj
 0001:00381b40       sf_opaque_init_subchart_simstructs 0000000180382b40 f   c188_six_plus_six_AcmsteeringV09_main_2lflm.obj
 0001:00381b60       initSimStructsc188_six_plus_six_AcmsteeringV09_main_2lflm 0000000180382b60 f   c188_six_plus_six_AcmsteeringV09_main_2lflm.obj
 0001:00381b70       mdlRTW_c188_six_plus_six_AcmsteeringV09_main_2lflm 0000000180382b70 f   c188_six_plus_six_AcmsteeringV09_main_2lflm.obj
 0001:00382230       get_sim_state_c195_six_plus_six_AcmsteeringV09_main_2lflm 0000000180383230 f   c195_six_plus_six_AcmsteeringV09_main_2lflm.obj
 0001:003823d0       sf_get_sim_state_info_c195_six_plus_six_AcmsteeringV09_main_2lflm 00000001803833d0 f   c195_six_plus_six_AcmsteeringV09_main_2lflm.obj
 0001:003825a0       set_sim_state_c195_six_plus_six_AcmsteeringV09_main_2lflm 00000001803835a0 f   c195_six_plus_six_AcmsteeringV09_main_2lflm.obj
 0001:00382680       c195_update_debugger_state_c195_six_plus_six_AcmsteeringV09_main 0000000180383680 f   c195_six_plus_six_AcmsteeringV09_main_2lflm.obj
 0001:00382690       c195_emlrt_marshallIn      0000000180383690 f   c195_six_plus_six_AcmsteeringV09_main_2lflm.obj
 0001:00382700       c195_b_emlrt_marshallIn    0000000180383700 f   c195_six_plus_six_AcmsteeringV09_main_2lflm.obj
 0001:00382790       c195_e_emlrt_marshallIn    0000000180383790 f   c195_six_plus_six_AcmsteeringV09_main_2lflm.obj
 0001:003827f0       c195_f_emlrt_marshallIn    00000001803837f0 f   c195_six_plus_six_AcmsteeringV09_main_2lflm.obj
 0001:003828f0       mdlProcessParameters_c195_six_plus_six_AcmsteeringV09_main_2lflm 00000001803838f0 f   c195_six_plus_six_AcmsteeringV09_main_2lflm.obj
 0001:003829d0       initialize_params_c195_six_plus_six_AcmsteeringV09_main_2lflm 00000001803839d0 f   c195_six_plus_six_AcmsteeringV09_main_2lflm.obj
 0001:003829e0       mdlSetWorkWidths_c195_six_plus_six_AcmsteeringV09_main_2lflm 00000001803839e0 f   c195_six_plus_six_AcmsteeringV09_main_2lflm.obj
 0001:00382eb0       sf_get_instance_specialization 0000000180383eb0 f   c195_six_plus_six_AcmsteeringV09_main_2lflm.obj
 0001:00382ec0       mdlStart_c195_six_plus_six_AcmsteeringV09_main_2lflm 0000000180383ec0 f   c195_six_plus_six_AcmsteeringV09_main_2lflm.obj
 0001:003830f0       init_dsm_address_info      00000001803840f0 f   c195_six_plus_six_AcmsteeringV09_main_2lflm.obj
 0001:00383100       chart_debug_initialization 0000000180384100 f   c195_six_plus_six_AcmsteeringV09_main_2lflm.obj
 0001:003838b0       init_script_number_translation 00000001803848b0 f   c195_six_plus_six_AcmsteeringV09_main_2lflm.obj
 0001:003838d0       c195_sf_marshallOut        00000001803848d0 f   c195_six_plus_six_AcmsteeringV09_main_2lflm.obj
 0001:00383990       c195_sf_marshallIn         0000000180384990 f   c195_six_plus_six_AcmsteeringV09_main_2lflm.obj
 0001:00383a30       sf_opaque_initialize_c195_six_plus_six_AcmsteeringV09_main_2lflm 0000000180384a30 f   c195_six_plus_six_AcmsteeringV09_main_2lflm.obj
 0001:00383a70       initialize_c195_six_plus_six_AcmsteeringV09_main_2lflm 0000000180384a70 f   c195_six_plus_six_AcmsteeringV09_main_2lflm.obj
 0001:00383ac0       sf_opaque_enable_c195_six_plus_six_AcmsteeringV09_main_2lflm 0000000180384ac0 f   c195_six_plus_six_AcmsteeringV09_main_2lflm.obj
 0001:00383ae0       enable_c195_six_plus_six_AcmsteeringV09_main_2lflm 0000000180384ae0 f   c195_six_plus_six_AcmsteeringV09_main_2lflm.obj
 0001:00383b10       sf_opaque_disable_c195_six_plus_six_AcmsteeringV09_main_2lflm 0000000180384b10 f   c195_six_plus_six_AcmsteeringV09_main_2lflm.obj
 0001:00383b30       disable_c195_six_plus_six_AcmsteeringV09_main_2lflm 0000000180384b30 f   c195_six_plus_six_AcmsteeringV09_main_2lflm.obj
 0001:00383b60       sf_opaque_gateway_c195_six_plus_six_AcmsteeringV09_main_2lflm 0000000180384b60 f   c195_six_plus_six_AcmsteeringV09_main_2lflm.obj
 0001:00383b80       sf_gateway_c195_six_plus_six_AcmsteeringV09_main_2lflm 0000000180384b80 f   c195_six_plus_six_AcmsteeringV09_main_2lflm.obj
 0001:00384290       c195_b_sf_marshallOut      0000000180385290 f   c195_six_plus_six_AcmsteeringV09_main_2lflm.obj
 0001:00384340       c195_b_sf_marshallIn       0000000180385340 f   c195_six_plus_six_AcmsteeringV09_main_2lflm.obj
 0001:003843e0       c195_c_emlrt_marshallIn    00000001803853e0 f   c195_six_plus_six_AcmsteeringV09_main_2lflm.obj
 0001:00384470       sf_opaque_get_sim_state_c195_six_plus_six_AcmsteeringV09_main_2lflm 0000000180385470 f   c195_six_plus_six_AcmsteeringV09_main_2lflm.obj
 0001:00384490       sf_opaque_set_sim_state_c195_six_plus_six_AcmsteeringV09_main_2lflm 0000000180385490 f   c195_six_plus_six_AcmsteeringV09_main_2lflm.obj
 0001:003844c0       sf_opaque_terminate_c195_six_plus_six_AcmsteeringV09_main_2lflm 00000001803854c0 f   c195_six_plus_six_AcmsteeringV09_main_2lflm.obj
 0001:00384560       finalize_c195_six_plus_six_AcmsteeringV09_main_2lflm 0000000180385560 f   c195_six_plus_six_AcmsteeringV09_main_2lflm.obj
 0001:00384570       sf_opaque_init_subchart_simstructs 0000000180385570 f   c195_six_plus_six_AcmsteeringV09_main_2lflm.obj
 0001:00384590       initSimStructsc195_six_plus_six_AcmsteeringV09_main_2lflm 0000000180385590 f   c195_six_plus_six_AcmsteeringV09_main_2lflm.obj
 0001:003845a0       mdlRTW_c195_six_plus_six_AcmsteeringV09_main_2lflm 00000001803855a0 f   c195_six_plus_six_AcmsteeringV09_main_2lflm.obj
 0001:00385a80       get_sim_state_c199_six_plus_six_AcmsteeringV09_main_2lflm 0000000180386a80 f   c199_six_plus_six_AcmsteeringV09_main_2lflm.obj
 0001:00386010       sf_get_sim_state_info_c199_six_plus_six_AcmsteeringV09_main_2lflm 0000000180387010 f   c199_six_plus_six_AcmsteeringV09_main_2lflm.obj
 0001:003861e0       set_sim_state_c199_six_plus_six_AcmsteeringV09_main_2lflm 00000001803871e0 f   c199_six_plus_six_AcmsteeringV09_main_2lflm.obj
 0001:00386440       c199_update_debugger_state_c199_six_plus_six_AcmsteeringV09_main 0000000180387440 f   c199_six_plus_six_AcmsteeringV09_main_2lflm.obj
 0001:00386450       c199_emlrt_marshallIn      0000000180387450 f   c199_six_plus_six_AcmsteeringV09_main_2lflm.obj
 0001:003864c0       c199_b_emlrt_marshallIn    00000001803874c0 f   c199_six_plus_six_AcmsteeringV09_main_2lflm.obj
 0001:00386550       c199_e_emlrt_marshallIn    0000000180387550 f   c199_six_plus_six_AcmsteeringV09_main_2lflm.obj
 0001:003865b0       c199_f_emlrt_marshallIn    00000001803875b0 f   c199_six_plus_six_AcmsteeringV09_main_2lflm.obj
 0001:003866b0       mdlProcessParameters_c199_six_plus_six_AcmsteeringV09_main_2lflm 00000001803876b0 f   c199_six_plus_six_AcmsteeringV09_main_2lflm.obj
 0001:00386790       initialize_params_c199_six_plus_six_AcmsteeringV09_main_2lflm 0000000180387790 f   c199_six_plus_six_AcmsteeringV09_main_2lflm.obj
 0001:003867a0       mdlSetWorkWidths_c199_six_plus_six_AcmsteeringV09_main_2lflm 00000001803877a0 f   c199_six_plus_six_AcmsteeringV09_main_2lflm.obj
 0001:00386d90       sf_get_instance_specialization 0000000180387d90 f   c199_six_plus_six_AcmsteeringV09_main_2lflm.obj
 0001:00386da0       mdlStart_c199_six_plus_six_AcmsteeringV09_main_2lflm 0000000180387da0 f   c199_six_plus_six_AcmsteeringV09_main_2lflm.obj
 0001:00386fd0       init_dsm_address_info      0000000180387fd0 f   c199_six_plus_six_AcmsteeringV09_main_2lflm.obj
 0001:00386fe0       chart_debug_initialization 0000000180387fe0 f   c199_six_plus_six_AcmsteeringV09_main_2lflm.obj
 0001:003886c0       init_script_number_translation 00000001803896c0 f   c199_six_plus_six_AcmsteeringV09_main_2lflm.obj
 0001:003886e0       c199_sf_marshallOut        00000001803896e0 f   c199_six_plus_six_AcmsteeringV09_main_2lflm.obj
 0001:003887a0       c199_sf_marshallIn         00000001803897a0 f   c199_six_plus_six_AcmsteeringV09_main_2lflm.obj
 0001:00388840       c199_b_sf_marshallOut      0000000180389840 f   c199_six_plus_six_AcmsteeringV09_main_2lflm.obj
 0001:003888f0       sf_opaque_initialize_c199_six_plus_six_AcmsteeringV09_main_2lflm 00000001803898f0 f   c199_six_plus_six_AcmsteeringV09_main_2lflm.obj
 0001:00388930       initialize_c199_six_plus_six_AcmsteeringV09_main_2lflm 0000000180389930 f   c199_six_plus_six_AcmsteeringV09_main_2lflm.obj
 0001:00388980       sf_opaque_enable_c199_six_plus_six_AcmsteeringV09_main_2lflm 0000000180389980 f   c199_six_plus_six_AcmsteeringV09_main_2lflm.obj
 0001:003889a0       enable_c199_six_plus_six_AcmsteeringV09_main_2lflm 00000001803899a0 f   c199_six_plus_six_AcmsteeringV09_main_2lflm.obj
 0001:003889d0       sf_opaque_disable_c199_six_plus_six_AcmsteeringV09_main_2lflm 00000001803899d0 f   c199_six_plus_six_AcmsteeringV09_main_2lflm.obj
 0001:003889f0       disable_c199_six_plus_six_AcmsteeringV09_main_2lflm 00000001803899f0 f   c199_six_plus_six_AcmsteeringV09_main_2lflm.obj
 0001:00388a20       sf_opaque_gateway_c199_six_plus_six_AcmsteeringV09_main_2lflm 0000000180389a20 f   c199_six_plus_six_AcmsteeringV09_main_2lflm.obj
 0001:00388a40       sf_gateway_c199_six_plus_six_AcmsteeringV09_main_2lflm 0000000180389a40 f   c199_six_plus_six_AcmsteeringV09_main_2lflm.obj
 0001:00389db0       c199_c_sf_marshallOut      000000018038adb0 f   c199_six_plus_six_AcmsteeringV09_main_2lflm.obj
 0001:00389e60       c199_b_sf_marshallIn       000000018038ae60 f   c199_six_plus_six_AcmsteeringV09_main_2lflm.obj
 0001:00389f00       c199_c_emlrt_marshallIn    000000018038af00 f   c199_six_plus_six_AcmsteeringV09_main_2lflm.obj
 0001:00389f90       sf_opaque_get_sim_state_c199_six_plus_six_AcmsteeringV09_main_2lflm 000000018038af90 f   c199_six_plus_six_AcmsteeringV09_main_2lflm.obj
 0001:00389fb0       sf_opaque_set_sim_state_c199_six_plus_six_AcmsteeringV09_main_2lflm 000000018038afb0 f   c199_six_plus_six_AcmsteeringV09_main_2lflm.obj
 0001:00389fe0       sf_opaque_terminate_c199_six_plus_six_AcmsteeringV09_main_2lflm 000000018038afe0 f   c199_six_plus_six_AcmsteeringV09_main_2lflm.obj
 0001:0038a080       finalize_c199_six_plus_six_AcmsteeringV09_main_2lflm 000000018038b080 f   c199_six_plus_six_AcmsteeringV09_main_2lflm.obj
 0001:0038a090       sf_opaque_init_subchart_simstructs 000000018038b090 f   c199_six_plus_six_AcmsteeringV09_main_2lflm.obj
 0001:0038a0b0       initSimStructsc199_six_plus_six_AcmsteeringV09_main_2lflm 000000018038b0b0 f   c199_six_plus_six_AcmsteeringV09_main_2lflm.obj
 0001:0038a0c0       mdlRTW_c199_six_plus_six_AcmsteeringV09_main_2lflm 000000018038b0c0 f   c199_six_plus_six_AcmsteeringV09_main_2lflm.obj
 0001:0038aa30       getChartInfoFromSimStruct  000000018038ba30 f   six_plus_six_AcmsteeringV09_main_2lflm_sfun_registry.obj
 0001:0038c0d0       _ssFatalError              000000018038d0d0 f   six_plus_six_AcmsteeringV09_main_2lflm_sfun_registry.obj
 0001:0038f180       ProcessMexSfunctionCmdLineCall 0000000180390180 f   six_plus_six_AcmsteeringV09_main_2lflm_sfun_registry.obj
 0001:0038f2b0       sf_debug_api_wrapper       00000001803902b0 f   six_plus_six_AcmsteeringV09_main_2lflm_sfun_registry.obj
 0001:0038f300       mdlStart                   0000000180390300 f   six_plus_six_AcmsteeringV09_main_2lflm_sfun_registry.obj
 0001:0038f330       mdl_start_processing       0000000180390330 f   six_plus_six_AcmsteeringV09_main_2lflm_sfun_registry.obj
 0001:0038f3c0       mdlTerminate               00000001803903c0 f   six_plus_six_AcmsteeringV09_main_2lflm_sfun_registry.obj
 0001:0038f3f0       mdl_terminate_processing   00000001803903f0 f   six_plus_six_AcmsteeringV09_main_2lflm_sfun_registry.obj
 0001:0038f470       mdlInitializeSampleTimes   0000000180390470 f   six_plus_six_AcmsteeringV09_main_2lflm_sfun_registry.obj
 0001:0038f4a0       mdlZeroCrossings           00000001803904a0 f   six_plus_six_AcmsteeringV09_main_2lflm_sfun_registry.obj
 0001:0038f4d0       mdl_zeroCrossings_processing 00000001803904d0 f   six_plus_six_AcmsteeringV09_main_2lflm_sfun_registry.obj
 0001:0038f510       mdlDerivatives             0000000180390510 f   six_plus_six_AcmsteeringV09_main_2lflm_sfun_registry.obj
 0001:0038f540       mdl_derivatives_processing 0000000180390540 f   six_plus_six_AcmsteeringV09_main_2lflm_sfun_registry.obj
 0001:0038f590       mdlInitializeConditions    0000000180390590 f   six_plus_six_AcmsteeringV09_main_2lflm_sfun_registry.obj
 0001:0038f5c0       mdl_initialize_conditions_processing 00000001803905c0 f   six_plus_six_AcmsteeringV09_main_2lflm_sfun_registry.obj
 0001:0038f610       mdlEnable                  0000000180390610 f   six_plus_six_AcmsteeringV09_main_2lflm_sfun_registry.obj
 0001:0038f640       mdl_enable_processing      0000000180390640 f   six_plus_six_AcmsteeringV09_main_2lflm_sfun_registry.obj
 0001:0038f680       mdlDisable                 0000000180390680 f   six_plus_six_AcmsteeringV09_main_2lflm_sfun_registry.obj
 0001:0038f6b0       mdl_disable_processing     00000001803906b0 f   six_plus_six_AcmsteeringV09_main_2lflm_sfun_registry.obj
 0001:0038f6f0       mdlOutputs                 00000001803906f0 f   six_plus_six_AcmsteeringV09_main_2lflm_sfun_registry.obj
 0001:0038f720       mdl_outputs_processing     0000000180390720 f   six_plus_six_AcmsteeringV09_main_2lflm_sfun_registry.obj
 0001:0038f800       mdl_outputs_continuous_legacy 0000000180390800 f   six_plus_six_AcmsteeringV09_main_2lflm_sfun_registry.obj
 0001:0038f8f0       mdlGetTimeOfNextVarHit     00000001803908f0 f   six_plus_six_AcmsteeringV09_main_2lflm_sfun_registry.obj
 0001:0038f940       _ProcessMexSfunctionCmdLineCall 0000000180390940 f   six_plus_six_AcmsteeringV09_main_2lflm_sfun_registry.obj
 0001:00390090       mdlSetWorkWidths           0000000180391090 f   six_plus_six_AcmsteeringV09_main_2lflm_sfun_registry.obj
 0001:003900c0       mdlProcessParameters       00000001803910c0 f   six_plus_six_AcmsteeringV09_main_2lflm_sfun_registry.obj
 0001:003900f0       mdlInitializeSizes         00000001803910f0 f   six_plus_six_AcmsteeringV09_main_2lflm_sfun_registry.obj
 0001:00390120       mdlExtModeExec             0000000180391120 f   six_plus_six_AcmsteeringV09_main_2lflm_sfun_registry.obj
 0001:00390150       mdl_ext_mode_exec_processing 0000000180391150 f   six_plus_six_AcmsteeringV09_main_2lflm_sfun_registry.obj
 0001:00390190       mdlRTW                     0000000180391190 f   six_plus_six_AcmsteeringV09_main_2lflm_sfun_registry.obj
 0001:003901d0       _CreateSimStruct           00000001803911d0 f   six_plus_six_AcmsteeringV09_main_2lflm_sfun_registry.obj
 0001:00390360       _RegNumInputPortsCB        0000000180391360 f   six_plus_six_AcmsteeringV09_main_2lflm_sfun_registry.obj
 0001:003903e0       _RegNumOutputPortsCB       00000001803913e0 f   six_plus_six_AcmsteeringV09_main_2lflm_sfun_registry.obj
 0001:00390998       pre_c_init                 0000000180391998 f   MSVCRT:crtdll.obj
 0001:00390c54       __DllMainCRTStartup        0000000180391c54 f   MSVCRT:crtdll.obj
 0001:003912c0       __DllMainCRTStartup$filt$0 00000001803922c0 f   MSVCRT:crtdll.obj
 0001:003912f0       __DllMainCRTStartup$fin$1  00000001803922f0 f   MSVCRT:crtdll.obj
 0001:0039130a       _onexit$fin$0              000000018039230a f   MSVCRT:atonexit.obj
 0001:00391330       _IsNonwritableInCurrentImage$filt$0 0000000180392330 f   MSVCRT:pesect.obj
